Archive member included to satisfy reference by file (symbol)

app/libapp.a(main.c.obj)      (--whole-archive)
app/libapp.a(gpio_abstract.c.obj)
                              (--whole-archive)
app/libapp.a(i2c_comm.c.obj)  (--whole-archive)
app/libapp.a(peripheral.c.obj)
                              (--whole-archive)
app/libapp.a(mlx90632.c.obj)  (--whole-archive)
app/libapp.a(mlx90632_drv.c.obj)
                              (--whole-archive)
zephyr/libzephyr.a(cbprintf_packaged.c.obj)
                              (--whole-archive)
zephyr/libzephyr.a(crc32c_sw.c.obj)
                              (--whole-archive)
zephyr/libzephyr.a(crc32_sw.c.obj)
                              (--whole-archive)
zephyr/libzephyr.a(crc16_sw.c.obj)
                              (--whole-archive)
zephyr/libzephyr.a(crc8_sw.c.obj)
                              (--whole-archive)
zephyr/libzephyr.a(crc7_sw.c.obj)
                              (--whole-archive)
zephyr/libzephyr.a(dec.c.obj)
                              (--whole-archive)
zephyr/libzephyr.a(fdtable.c.obj)
                              (--whole-archive)
zephyr/libzephyr.a(hex.c.obj)
                              (--whole-archive)
zephyr/libzephyr.a(printk.c.obj)
                              (--whole-archive)
zephyr/libzephyr.a(rb.c.obj)  (--whole-archive)
zephyr/libzephyr.a(sem.c.obj)
                              (--whole-archive)
zephyr/libzephyr.a(thread_entry.c.obj)
                              (--whole-archive)
zephyr/libzephyr.a(timeutil.c.obj)
                              (--whole-archive)
zephyr/libzephyr.a(heap.c.obj)
                              (--whole-archive)
zephyr/libzephyr.a(heap-validate.c.obj)
                              (--whole-archive)
zephyr/libzephyr.a(bitarray.c.obj)
                              (--whole-archive)
zephyr/libzephyr.a(multi_heap.c.obj)
                              (--whole-archive)
zephyr/libzephyr.a(onoff.c.obj)
                              (--whole-archive)
zephyr/libzephyr.a(notify.c.obj)
                              (--whole-archive)
zephyr/libzephyr.a(cbprintf_complete.c.obj)
                              (--whole-archive)
zephyr/libzephyr.a(cbprintf.c.obj)
                              (--whole-archive)
zephyr/libzephyr.a(assert.c.obj)
                              (--whole-archive)
zephyr/libzephyr.a(reboot.c.obj)
                              (--whole-archive)
zephyr/libzephyr.a(configs.c.obj)
                              (--whole-archive)
zephyr/libzephyr.a(soc.c.obj)
                              (--whole-archive)
zephyr/libzephyr.a(power.c.obj)
                              (--whole-archive)
zephyr/libzephyr.a(soc_nrf_common.S.obj)
                              (--whole-archive)
zephyr/libzephyr.a(soc_secure.c.obj)
                              (--whole-archive)
zephyr/libzephyr.a(validate_base_addresses.c.obj)
                              (--whole-archive)
zephyr/libzephyr.a(validate_enabled_instances.c.obj)
                              (--whole-archive)
zephyr/libzephyr.a(pm.c.obj)  (--whole-archive)
zephyr/libzephyr.a(policy.c.obj)
                              (--whole-archive)
zephyr/libzephyr.a(state.c.obj)
                              (--whole-archive)
zephyr/libzephyr.a(tracing_none.c.obj)
                              (--whole-archive)
zephyr/libzephyr.a(flash_map_partition_manager.c.obj)
                              (--whole-archive)
zephyr/arch/common/libarch__common.a(sw_isr_common.c.obj)
                              (--whole-archive)
zephyr/arch/arch/arm/core/aarch32/libarch__arm__core__aarch32.a(cpu_idle.S.obj)
                              (--whole-archive)
zephyr/arch/arch/arm/core/aarch32/libarch__arm__core__aarch32.a(fatal.c.obj)
                              (--whole-archive)
zephyr/arch/arch/arm/core/aarch32/libarch__arm__core__aarch32.a(irq_manage.c.obj)
                              (--whole-archive)
zephyr/arch/arch/arm/core/aarch32/libarch__arm__core__aarch32.a(nmi.c.obj)
                              (--whole-archive)
zephyr/arch/arch/arm/core/aarch32/libarch__arm__core__aarch32.a(nmi_on_reset.S.obj)
                              (--whole-archive)
zephyr/arch/arch/arm/core/aarch32/libarch__arm__core__aarch32.a(prep_c.c.obj)
                              (--whole-archive)
zephyr/arch/arch/arm/core/aarch32/libarch__arm__core__aarch32.a(swap.c.obj)
                              (--whole-archive)
zephyr/arch/arch/arm/core/aarch32/libarch__arm__core__aarch32.a(swap_helper.S.obj)
                              (--whole-archive)
zephyr/arch/arch/arm/core/aarch32/libarch__arm__core__aarch32.a(thread.c.obj)
                              (--whole-archive)
zephyr/arch/arch/arm/core/aarch32/libarch__arm__core__aarch32.a(isr_wrapper.S.obj)
                              (--whole-archive)
zephyr/arch/arch/arm/core/aarch32/cortex_m/libarch__arm__core__aarch32__cortex_m.a(exc_exit.S.obj)
                              (--whole-archive)
[...]
Memory Configuration

Name             Origin             Length             Attributes
FLASH            0x0000000000010000 0x00000000000f0000 xr
RAM              0x0000000020008000 0x0000000000078000 xw
IDT_LIST         0x00000000fffff7ff 0x0000000000000800 xw
*default*        0x0000000000000000 0xffffffffffffffff

Linker script and memory map

LOAD zephyr/CMakeFiles/zephyr_pre1.dir/misc/empty_file.c.obj
LOAD zephyr/CMakeFiles/zephyr_pre1.dir/dev_handles.c.obj
LOAD zephyr/CMakeFiles/offsets.dir/./arch/arm/core/offsets/offsets.c.obj
LOAD tfm/secure_fw/s_veneers.o
                0x0000000000000020                _region_min_align = 0x20

.rel.plt        0x0000000000010000        0x0
 *(SORT_BY_ALIGNMENT(.rel.plt))
                [!provide]                        PROVIDE (__rel_iplt_start = .)
 *(SORT_BY_ALIGNMENT(.rel.iplt))
 .rel.iplt      0x0000000000010000        0x0 app/libapp.a(main.c.obj)
                [!provide]                        PROVIDE (__rel_iplt_end = .)

.rela.plt       0x0000000000000000        0x0
 *(SORT_BY_ALIGNMENT(.rela.plt))
                [!provide]                        PROVIDE (__rela_iplt_start = .)
 *(SORT_BY_ALIGNMENT(.rela.iplt))
                [!provide]                        PROVIDE (__rela_iplt_end = .)

.rel.dyn
 *(SORT_BY_ALIGNMENT(.rel.*))

.rela.dyn
 *(SORT_BY_ALIGNMENT(.rela.*))

/DISCARD/
 *(SORT_BY_ALIGNMENT(.plt))

/DISCARD/
 *(SORT_BY_ALIGNMENT(.iplt))
                0x0000000000010000                __rom_region_start = 0x10000

rom_start       0x0000000000010000      0x154
                0x0000000000000000                . = 0x0
                0x0000000000000000                . = ALIGN (0x4)
                0x0000000000000000                . = ALIGN (0x80)
                0x0000000000000000                . = ALIGN (0x200)
                0x0000000000010000                _vector_start = .
 *(SORT_BY_ALIGNMENT(.exc_vector_table))
 *(SORT_BY_ALIGNMENT(.exc_vector_table.*))
 .exc_vector_table._vector_table_section
                0x0000000000010000       0x40 zephyr/arch/arch/arm/core/aarch32/cortex_m/libarch__arm__core__aarch32__cortex_m.a(vector_table.S.obj)
                0x0000000000010000                _vector_table
 *(SORT_BY_ALIGNMENT(.vectors))
                0x0000000000010154                _vector_end = .
                0x0000000000010040                . = ALIGN (0x4)
 *(SORT_BY_ALIGNMENT(.gnu.linkonce.irq_vector_table*))
 .gnu.linkonce.irq_vector_table
                0x0000000000010040      0x114 zephyr/arch/common/libisr_tables.a(isr_tables.c.obj)
                0x0000000000010040                _irq_vector_table
                0x0000000000010154                _vector_end = .

text            0x0000000000010158     0xb61c
                0x0000000000010158                __text_region_start = .
 *(SORT_BY_ALIGNMENT(.text))
 .text          0x0000000000010158      0x168 c:/ncs/toolchains/0b393f9e1b/opt/zephyr-sdk/arm-zephyr-eabi/bin/../lib/gcc/arm-zephyr-eabi/12.2.0/thumb/v8-m.main/nofp\libgcc.a(_arm_mulsf3.o)
                0x0000000000010158                __aeabi_fmul
                0x0000000000010158                __mulsf3
 .text          0x00000000000102c0      0x378 c:/ncs/toolchains/0b393f9e1b/opt/zephyr-sdk/arm-zephyr-eabi/bin/../lib/gcc/arm-zephyr-eabi/12.2.0/thumb/v8-m.main/nofp\libgcc.a(_arm_addsubdf3.o)
                0x00000000000102c0                __aeabi_drsub
                0x00000000000102c8                __aeabi_dsub
                0x00000000000102c8                __subdf3
                0x00000000000102cc                __aeabi_dadd
                0x00000000000102cc                __adddf3
                0x0000000000010544                __floatunsidf
                0x0000000000010544                __aeabi_ui2d
                0x0000000000010564                __floatsidf
                0x0000000000010564                __aeabi_i2d
                0x0000000000010588                __aeabi_f2d
                0x0000000000010588                __extendsfdf2
                0x00000000000105cc                __floatundidf
                0x00000000000105cc                __aeabi_ul2d
                0x00000000000105dc                __floatdidf
                0x00000000000105dc                __aeabi_l2d
 .text          0x0000000000010638      0x424 c:/ncs/toolchains/0b393f9e1b/opt/zephyr-sdk/arm-zephyr-eabi/bin/../lib/gcc/arm-zephyr-eabi/12.2.0/thumb/v8-m.main/nofp\libgcc.a(_arm_muldivdf3.o)
                0x0000000000010638                __aeabi_dmul
                0x0000000000010638                __muldf3
                0x000000000001088c                __divdf3
                0x000000000001088c                __aeabi_ddiv
 .text          0x0000000000010a5c      0x110 c:/ncs/toolchains/0b393f9e1b/opt/zephyr-sdk/arm-zephyr-eabi/bin/../lib/gcc/arm-zephyr-eabi/12.2.0/thumb/v8-m.main/nofp\libgcc.a(_arm_cmpdf2.o)
                0x0000000000010a5c                __gtdf2
                0x0000000000010a5c                __gedf2
                0x0000000000010a64                __ltdf2
                0x0000000000010a64                __ledf2
                0x0000000000010a6c                __nedf2
                0x0000000000010a6c                __eqdf2
                0x0000000000010a6c                __cmpdf2
                0x0000000000010ae8                __aeabi_cdrcmple
                0x0000000000010af8                __aeabi_cdcmpeq
                0x0000000000010af8                __aeabi_cdcmple
                0x0000000000010b08                __aeabi_dcmpeq
                0x0000000000010b1c                __aeabi_dcmplt
                0x0000000000010b30                __aeabi_dcmple
                0x0000000000010b44                __aeabi_dcmpge
                0x0000000000010b58                __aeabi_dcmpgt
 .text          0x0000000000010b6c       0xa0 c:/ncs/toolchains/0b393f9e1b/opt/zephyr-sdk/arm-zephyr-eabi/bin/../lib/gcc/arm-zephyr-eabi/12.2.0/thumb/v8-m.main/nofp\libgcc.a(_arm_truncdfsf2.o)
                0x0000000000010b6c                __truncdfsf2
                0x0000000000010b6c                __aeabi_d2f
 .text          0x0000000000010c0c      0x21c c:/ncs/toolchains/0b393f9e1b/opt/zephyr-sdk/arm-zephyr-eabi/bin/../lib/gcc/arm-zephyr-eabi/12.2.0/thumb/v8-m.main/nofp\libgcc.a(_arm_addsubsf3.o)
                0x0000000000010c0c                __aeabi_frsub
                0x0000000000010c14                __subsf3
                0x0000000000010c14                __aeabi_fsub
                0x0000000000010c18                __aeabi_fadd
                0x0000000000010c18                __addsf3
                0x0000000000010d78                __aeabi_ui2f
                0x0000000000010d78                __floatunsisf
                0x0000000000010d80                __aeabi_i2f
                0x0000000000010d80                __floatsisf
                0x0000000000010d9c                __aeabi_ul2f
                0x0000000000010d9c                __floatundisf
                0x0000000000010dac                __aeabi_l2f
                0x0000000000010dac                __floatdisf
 .text          0x0000000000010e28       0x30 c:/ncs/toolchains/0b393f9e1b/opt/zephyr-sdk/arm-zephyr-eabi/bin/../lib/gcc/arm-zephyr-eabi/12.2.0/thumb/v8-m.main/nofp\libgcc.a(_aeabi_uldivmod.o)
                0x0000000000010e28                __aeabi_uldivmod
 .text          0x0000000000010e58        0x4 c:/ncs/toolchains/0b393f9e1b/opt/zephyr-sdk/arm-zephyr-eabi/bin/../lib/gcc/arm-zephyr-eabi/12.2.0/thumb/v8-m.main/nofp\libgcc.a(_dvmd_tls.o)
                0x0000000000010e58                __aeabi_idiv0
                0x0000000000010e58                __aeabi_ldiv0
 .text          0x0000000000010e5c       0x2c c:/ncs/toolchains/0b393f9e1b/opt/zephyr-sdk/arm-zephyr-eabi/bin/../lib/gcc/arm-zephyr-eabi/12.2.0/thumb/v8-m.main/nofp\libgcc.a(_arm_unorddf2.o)
                0x0000000000010e5c                __unorddf2
                0x0000000000010e5c                __aeabi_dcmpun
 .text          0x0000000000010e88       0x50 c:/ncs/toolchains/0b393f9e1b/opt/zephyr-sdk/arm-zephyr-eabi/bin/../lib/gcc/arm-zephyr-eabi/12.2.0/thumb/v8-m.main/nofp\libgcc.a(_arm_fixdfsi.o)
                0x0000000000010e88                __aeabi_d2iz
                0x0000000000010e88                __fixdfsi
 .text          0x0000000000010ed8      0x29c c:/ncs/toolchains/0b393f9e1b/opt/zephyr-sdk/arm-zephyr-eabi/bin/../lib/gcc/arm-zephyr-eabi/12.2.0/thumb/v8-m.main/nofp\libgcc.a(_udivmoddi4.o)
                0x0000000000010ed8                __udivmoddi4
 .text          0x0000000000011174       0x10 C:/ncs/toolchains/0b393f9e1b/opt/zephyr-sdk/arm-zephyr-eabi/arm-zephyr-eabi/lib/thumb/v8-m.main/nofp\libc_nano.a(lib_a-strlen.o)
                0x0000000000011174                strlen
 *(SORT_BY_ALIGNMENT(.text.*))
 *fill*         0x0000000000011184        0x4 
 .text.mlx90632_calc_temp_object_iteration
                0x0000000000011188       0xd8 app/libapp.a(mlx90632.c.obj)
                0x0000000000011188                mlx90632_calc_temp_object_iteration
 .text.mlx90632_calc_temp_object
                0x0000000000011260      0x164 app/libapp.a(mlx90632.c.obj)
                0x0000000000011260                mlx90632_calc_temp_object
 *fill*         0x00000000000113c4        0x4 
 .text._dtoa_r  0x00000000000113c8      0xc58 C:/ncs/toolchains/0b393f9e1b/opt/zephyr-sdk/arm-zephyr-eabi/arm-zephyr-eabi/lib/thumb/v8-m.main/nofp\libc_nano.a(lib_a-dtoa.o)
                0x00000000000113c8                _dtoa_r
 .text.main     0x0000000000012020       0x3c app/libapp.a(main.c.obj)
                0x0000000000012020                main
 .text.interrupt_callback
                0x000000000001205c       0x48 app/libapp.a(gpio_abstract.c.obj)
                0x000000000001205c                interrupt_callback
 .text.gpio_init
                0x00000000000120a4       0x7c app/libapp.a(gpio_abstract.c.obj)
                0x00000000000120a4                gpio_init
 .text.gpio_configure
                0x0000000000012120       0x5c app/libapp.a(gpio_abstract.c.obj)
                0x0000000000012120                gpio_configure
 .text.gpio_configure_interrupt
                0x000000000001217c       0x7c app/libapp.a(gpio_abstract.c.obj)
                0x000000000001217c                gpio_configure_interrupt
 .text.i2c_scan
                0x00000000000121f8       0x5c app/libapp.a(i2c_comm.c.obj)
                0x00000000000121f8                i2c_scan
 .text.i2c_init
                0x0000000000012254       0x50 app/libapp.a(i2c_comm.c.obj)
                0x0000000000012254                i2c_init
 .text.peripheral_init
                0x00000000000122a4       0xa4 app/libapp.a(peripheral.c.obj)
                0x00000000000122a4                peripheral_init
 .text.is_button1_pressed
                0x0000000000012348       0x20 app/libapp.a(peripheral.c.obj)
                0x0000000000012348                is_button1_pressed
 .text.is_button2_pressed
                0x0000000000012368       0x20 app/libapp.a(peripheral.c.obj)
                0x0000000000012368                is_button2_pressed
 .text.i2c_melexis_getStsReg
                0x0000000000012388       0x38 app/libapp.a(mlx90632.c.obj)
                0x0000000000012388                i2c_melexis_getStsReg
 .text.mlx90632_readCalib
                0x00000000000123c0      0x4b0 app/libapp.a(mlx90632.c.obj)
                0x00000000000123c0                mlx90632_readCalib
 .text.mlx90632_init
                0x0000000000012870       0xcc app/libapp.a(mlx90632.c.obj)
                0x0000000000012870                mlx90632_init
 .text.mlx90632_check_i2c_comm
                0x000000000001293c       0x48 app/libapp.a(mlx90632.c.obj)
                0x000000000001293c                mlx90632_check_i2c_comm
 .text.mlx90632_ambTempRaw
                0x0000000000012984       0x40 app/libapp.a(mlx90632.c.obj)
                0x0000000000012984                mlx90632_ambTempRaw
 .text.mlx90632_calc_temp_ambient
                0x00000000000129c4       0xa8 app/libapp.a(mlx90632.c.obj)
                0x00000000000129c4                mlx90632_calc_temp_ambient
 .text.mlx90632_gatherAmbTemp
                0x0000000000012a6c       0x70 app/libapp.a(mlx90632.c.obj)
                0x0000000000012a6c                mlx90632_gatherAmbTemp
 .text.mlx90632_getObjTempRaw
                0x0000000000012adc       0x94 app/libapp.a(mlx90632.c.obj)
                0x0000000000012adc                mlx90632_getObjTempRaw
 .text.mlx90632_get_emissivity
                0x0000000000012b70       0x28 app/libapp.a(mlx90632.c.obj)
                0x0000000000012b70                mlx90632_get_emissivity
 .text.mlx90632_readObjTemp
                0x0000000000012b98       0xa8 app/libapp.a(mlx90632.c.obj)
                0x0000000000012b98                mlx90632_readObjTemp
 .text.mlx90632_searchWaitTime
                0x0000000000012c40       0x44 app/libapp.a(mlx90632.c.obj)
                0x0000000000012c40                mlx90632_searchWaitTime
 .text.mlx90632_start_measurement
                0x0000000000012c84       0x7c app/libapp.a(mlx90632.c.obj)
                0x0000000000012c84                mlx90632_start_measurement
 .text.mlx90632_read
                0x0000000000012d00       0x7c app/libapp.a(mlx90632.c.obj)
                0x0000000000012d00                mlx90632_read
 .text.mlx90632_i2c_read
                0x0000000000012d7c       0x6c app/libapp.a(mlx90632_drv.c.obj)
                0x0000000000012d7c                mlx90632_i2c_read
 .text.mlx90632_i2c_write
                0x0000000000012de8       0x64 app/libapp.a(mlx90632_drv.c.obj)
                0x0000000000012de8                mlx90632_i2c_write
 .text.char_out
                0x0000000000012e4c       0x10 zephyr/libzephyr.a(printk.c.obj)
 .text.__printk_hook_install
                0x0000000000012e5c        0xc zephyr/libzephyr.a(printk.c.obj)
                0x0000000000012e5c                __printk_hook_install
 .text.vprintk  0x0000000000012e68       0x1c zephyr/libzephyr.a(printk.c.obj)
                0x0000000000012e68                vprintk
 .text.process_event
                0x0000000000012e84      0x16c zephyr/libzephyr.a(onoff.c.obj)
 .text.extract_decimal
                0x0000000000012ff0       0x2c zephyr/libzephyr.a(cbprintf_complete.c.obj)
 .text.extract_flags
                0x000000000001301c       0xc4 zephyr/libzephyr.a(cbprintf_complete.c.obj)
 .text.encode_uint
                0x00000000000130e0       0xac zephyr/libzephyr.a(cbprintf_complete.c.obj)
 .text.z_cbvprintf_impl
                0x000000000001318c      0x598 zephyr/libzephyr.a(cbprintf_complete.c.obj)
                0x000000000001318c                z_cbvprintf_impl
 .text.nrfx_coredep_delay_us
                0x0000000000013724       0x2c zephyr/libzephyr.a(soc.c.obj)
 .text.z_arm_platform_init
                0x0000000000013750        0x4 zephyr/libzephyr.a(soc_nrf_common.S.obj)
                0x0000000000013750                z_arm_platform_init
 .text.pm_state_notify
                0x0000000000013754       0x5c zephyr/libzephyr.a(pm.c.obj)
 .text.pm_exit_pos_ops
                0x00000000000137b0       0x20 zephyr/libzephyr.a(pm.c.obj)
 .text.pm_system_resume
                0x00000000000137d0       0x48 zephyr/libzephyr.a(pm.c.obj)
                0x00000000000137d0                pm_system_resume
 .text.pm_system_suspend
                0x0000000000013818      0x104 zephyr/libzephyr.a(pm.c.obj)
                0x0000000000013818                pm_system_suspend
 .text.pm_policy_next_state
                0x000000000001391c       0x98 zephyr/libzephyr.a(policy.c.obj)
                0x000000000001391c                pm_policy_next_state
 .text.pm_state_cpu_get_all
                0x00000000000139b4       0x10 zephyr/libzephyr.a(state.c.obj)
                0x00000000000139b4                pm_state_cpu_get_all
 .text.z_arm_cpu_idle_init
                0x00000000000139c4        0xc zephyr/arch/arch/arm/core/aarch32/libarch__arm__core__aarch32.a(cpu_idle.S.obj)
                0x00000000000139c4                z_arm_cpu_idle_init
 .text.arch_cpu_idle
                0x00000000000139d0       0x1c zephyr/arch/arch/arm/core/aarch32/libarch__arm__core__aarch32.a(cpu_idle.S.obj)
                0x00000000000139d0                arch_cpu_idle
 .text.arch_cpu_atomic_idle
                0x00000000000139ec       0x14 zephyr/arch/arch/arm/core/aarch32/libarch__arm__core__aarch32.a(cpu_idle.S.obj)
                0x00000000000139ec                arch_cpu_atomic_idle
 .text.__NVIC_EnableIRQ
                0x0000000000013a00       0x1c zephyr/arch/arch/arm/core/aarch32/libarch__arm__core__aarch32.a(irq_manage.c.obj)
 .text.__NVIC_SetPriority
                0x0000000000013a1c       0x28 zephyr/arch/arch/arm/core/aarch32/libarch__arm__core__aarch32.a(irq_manage.c.obj)
 .text.arch_irq_is_enabled
                0x0000000000013a44       0x1c zephyr/arch/arch/arm/core/aarch32/libarch__arm__core__aarch32.a(irq_manage.c.obj)
                0x0000000000013a44                arch_irq_is_enabled
 .text.z_SysNmiOnReset
                0x0000000000013a60        0x8 zephyr/arch/arch/arm/core/aarch32/libarch__arm__core__aarch32.a(nmi_on_reset.S.obj)
                0x0000000000013a60                z_SysNmiOnReset
 .text.z_arm_prep_c
                0x0000000000013a68       0x38 zephyr/arch/arch/arm/core/aarch32/libarch__arm__core__aarch32.a(prep_c.c.obj)
                0x0000000000013a68                z_arm_prep_c
 .text.arch_swap
                0x0000000000013aa0       0x34 zephyr/arch/arch/arm/core/aarch32/libarch__arm__core__aarch32.a(swap.c.obj)
                0x0000000000013aa0                arch_swap
 .text.z_arm_pendsv
                0x0000000000013ad4       0x60 zephyr/arch/arch/arm/core/aarch32/libarch__arm__core__aarch32.a(swap_helper.S.obj)
                0x0000000000013ad4                z_arm_pendsv
 .text.z_arm_svc
                0x0000000000013b34       0x20 zephyr/arch/arch/arm/core/aarch32/libarch__arm__core__aarch32.a(swap_helper.S.obj)
                0x0000000000013b34                z_arm_svc
 .text.arch_new_thread
                0x0000000000013b54       0x48 zephyr/arch/arch/arm/core/aarch32/libarch__arm__core__aarch32.a(thread.c.obj)
                0x0000000000013b54                arch_new_thread
 .text.arch_switch_to_main_thread
                0x0000000000013b9c       0x28 zephyr/arch/arch/arm/core/aarch32/libarch__arm__core__aarch32.a(thread.c.obj)
                0x0000000000013b9c                arch_switch_to_main_thread
 .text._isr_wrapper
                0x0000000000013bc4       0x40 zephyr/arch/arch/arm/core/aarch32/libarch__arm__core__aarch32.a(isr_wrapper.S.obj)
                0x0000000000013bc4                _isr_wrapper
 .text._HandlerModeExit
                0x0000000000013c04       0x1c zephyr/arch/arch/arm/core/aarch32/cortex_m/libarch__arm__core__aarch32__cortex_m.a(exc_exit.S.obj)
                0x0000000000013c04                z_arm_int_exit
                0x0000000000013c04                z_arm_exc_exit
 .text.mem_manage_fault
                0x0000000000013c20       0x6c zephyr/arch/arch/arm/core/aarch32/cortex_m/libarch__arm__core__aarch32__cortex_m.a(fault.c.obj)
 .text.bus_fault
                0x0000000000013c8c       0x54 zephyr/arch/arch/arm/core/aarch32/cortex_m/libarch__arm__core__aarch32__cortex_m.a(fault.c.obj)
 .text.usage_fault
                0x0000000000013ce0       0x30 zephyr/arch/arch/arm/core/aarch32/cortex_m/libarch__arm__core__aarch32__cortex_m.a(fault.c.obj)
 .text.z_arm_is_synchronous_svc
                0x0000000000013d10       0x3c zephyr/arch/arch/arm/core/aarch32/cortex_m/libarch__arm__core__aarch32__cortex_m.a(fault.c.obj)
 .text.hard_fault
                0x0000000000013d4c       0x78 zephyr/arch/arch/arm/core/aarch32/cortex_m/libarch__arm__core__aarch32__cortex_m.a(fault.c.obj)
 .text.z_arm_fault
                0x0000000000013dc4       0x88 zephyr/arch/arch/arm/core/aarch32/cortex_m/libarch__arm__core__aarch32__cortex_m.a(fault.c.obj)
                0x0000000000013dc4                z_arm_fault
 .text.z_arm_fault_init
                0x0000000000013e4c       0x18 zephyr/arch/arch/arm/core/aarch32/cortex_m/libarch__arm__core__aarch32__cortex_m.a(fault.c.obj)
                0x0000000000013e4c                z_arm_fault_init
 .text.__fault  0x0000000000013e64       0x14 zephyr/arch/arch/arm/core/aarch32/cortex_m/libarch__arm__core__aarch32__cortex_m.a(fault_s.S.obj)
                0x0000000000013e64                z_arm_usage_fault
                0x0000000000013e64                z_arm_mpu_fault
                0x0000000000013e64                z_arm_exc_spurious
                0x0000000000013e64                z_arm_debug_monitor
                0x0000000000013e64                z_arm_hard_fault
                0x0000000000013e64                z_arm_bus_fault
 .text.z_arm_interrupt_init
                0x0000000000013e78       0x34 zephyr/arch/arch/arm/core/aarch32/cortex_m/libarch__arm__core__aarch32__cortex_m.a(irq_init.c.obj)
                0x0000000000013e78                z_arm_interrupt_init
 .text._reset_section
                0x0000000000013eac       0x60 zephyr/arch/arch/arm/core/aarch32/cortex_m/libarch__arm__core__aarch32__cortex_m.a(reset.S.obj)
                0x0000000000013eac                __start
                0x0000000000013eac                z_arm_reset
 .text.__NVIC_SystemReset
                0x0000000000013f0c       0x24 zephyr/arch/arch/arm/core/aarch32/cortex_m/libarch__arm__core__aarch32__cortex_m.a(scb.c.obj)
 .text.z_arm_clear_arm_mpu_config
                0x0000000000013f30       0x28 zephyr/arch/arch/arm/core/aarch32/cortex_m/libarch__arm__core__aarch32__cortex_m.a(scb.c.obj)
                0x0000000000013f30                z_arm_clear_arm_mpu_config
 .text.z_arm_init_arch_hw_at_boot
                0x0000000000013f58       0x54 zephyr/arch/arch/arm/core/aarch32/cortex_m/libarch__arm__core__aarch32__cortex_m.a(scb.c.obj)
                0x0000000000013f58                z_arm_init_arch_hw_at_boot
 .text.z_impl_k_thread_abort
                0x0000000000013fac       0x34 zephyr/arch/arch/arm/core/aarch32/cortex_m/libarch__arm__core__aarch32__cortex_m.a(thread_abort.c.obj)
                0x0000000000013fac                z_impl_k_thread_abort
 .text.z_arm_configure_static_mpu_regions
                0x0000000000013fe0       0x40 zephyr/arch/arch/arm/core/aarch32/mpu/libarch__arm__core__aarch32__mpu.a(arm_core_mpu.c.obj)
                0x0000000000013fe0                z_arm_configure_static_mpu_regions
 .text.mpu_init
                0x0000000000014020       0x14 zephyr/arch/arch/arm/core/aarch32/mpu/libarch__arm__core__aarch32__mpu.a(arm_mpu.c.obj)
 .text.mpu_set_region
                0x0000000000014034       0x14 zephyr/arch/arch/arm/core/aarch32/mpu/libarch__arm__core__aarch32__mpu.a(arm_mpu.c.obj)
 .text.mpu_region_get_conf
                0x0000000000014048       0x40 zephyr/arch/arch/arm/core/aarch32/mpu/libarch__arm__core__aarch32__mpu.a(arm_mpu.c.obj)
 .text.mpu_configure_regions_and_partition
                0x0000000000014088      0x188 zephyr/arch/arch/arm/core/aarch32/mpu/libarch__arm__core__aarch32__mpu.a(arm_mpu.c.obj)
 .text.mpu_configure_static_mpu_regions
                0x0000000000014210       0x14 zephyr/arch/arch/arm/core/aarch32/mpu/libarch__arm__core__aarch32__mpu.a(arm_mpu.c.obj)
 .text.mpu_mark_areas_for_dynamic_regions
                0x0000000000014224       0x60 zephyr/arch/arch/arm/core/aarch32/mpu/libarch__arm__core__aarch32__mpu.a(arm_mpu.c.obj)
 .text.arm_core_mpu_enable
                0x0000000000014284       0x18 zephyr/arch/arch/arm/core/aarch32/mpu/libarch__arm__core__aarch32__mpu.a(arm_mpu.c.obj)
                0x0000000000014284                arm_core_mpu_enable
 .text.arm_core_mpu_disable
                0x000000000001429c       0x14 zephyr/arch/arch/arm/core/aarch32/mpu/libarch__arm__core__aarch32__mpu.a(arm_mpu.c.obj)
                0x000000000001429c                arm_core_mpu_disable
 .text.z_arm_mpu_init
                0x00000000000142b0       0x44 zephyr/arch/arch/arm/core/aarch32/mpu/libarch__arm__core__aarch32__mpu.a(arm_mpu.c.obj)
                0x00000000000142b0                z_arm_mpu_init
 .text.__stdout_hook_install
                0x00000000000142f4        0xc zephyr/lib/libc/newlib/liblib__libc__newlib.a(libc-hooks.c.obj)
                0x00000000000142f4                __stdout_hook_install
 .text.z_impl_zephyr_read_stdin
                0x0000000000014300       0x2c zephyr/lib/libc/newlib/liblib__libc__newlib.a(libc-hooks.c.obj)
                0x0000000000014300                z_impl_zephyr_read_stdin
 .text.z_impl_zephyr_write_stdout
                0x000000000001432c       0x34 zephyr/lib/libc/newlib/liblib__libc__newlib.a(libc-hooks.c.obj)
                0x000000000001432c                z_impl_zephyr_write_stdout
 .text._exit    0x0000000000014360       0x14 zephyr/lib/libc/newlib/liblib__libc__newlib.a(libc-hooks.c.obj)
                0x0000000000014360                _exit
 .text._sbrk    0x0000000000014374       0x2c zephyr/lib/libc/newlib/liblib__libc__newlib.a(libc-hooks.c.obj)
                0x0000000000014374                sbrk
                0x0000000000014374                _sbrk
 .text.get_hf_flags
                0x00000000000143a0        0x8 zephyr/drivers/clock_control/libdrivers__clock_control.a(clock_control_nrf.c.obj)
 .text.get_subsys
                0x00000000000143a8       0x18 zephyr/drivers/clock_control/libdrivers__clock_control.a(clock_control_nrf.c.obj)
 .text.onoff_stop
                0x00000000000143c0       0x20 zephyr/drivers/clock_control/libdrivers__clock_control.a(clock_control_nrf.c.obj)
 .text.onoff_start
                0x00000000000143e0       0x34 zephyr/drivers/clock_control/libdrivers__clock_control.a(clock_control_nrf.c.obj)
 .text.clock_event_handler
                0x0000000000014414       0x4c zephyr/drivers/clock_control/libdrivers__clock_control.a(clock_control_nrf.c.obj)
 .text.generic_hfclk_start
                0x0000000000014460       0x74 zephyr/drivers/clock_control/libdrivers__clock_control.a(clock_control_nrf.c.obj)
 .text.generic_hfclk_stop
                0x00000000000144d4       0x28 zephyr/drivers/clock_control/libdrivers__clock_control.a(clock_control_nrf.c.obj)
 .text.lfclk_spinwait
                0x00000000000144fc       0xd0 zephyr/drivers/clock_control/libdrivers__clock_control.a(clock_control_nrf.c.obj)
 .text.api_blocking_start
                0x00000000000145cc       0x38 zephyr/drivers/clock_control/libdrivers__clock_control.a(clock_control_nrf.c.obj)
 .text.clk_init
                0x0000000000014604       0x60 zephyr/drivers/clock_control/libdrivers__clock_control.a(clock_control_nrf.c.obj)
 .text.z_nrf_clock_control_lf_on
                0x0000000000014664       0x4c zephyr/drivers/clock_control/libdrivers__clock_control.a(clock_control_nrf.c.obj)
                0x0000000000014664                z_nrf_clock_control_lf_on
 .text.console_out
                0x00000000000146b0       0x28 zephyr/drivers/console/libdrivers__console.a(uart_console.c.obj)
 .text.uart_console_hook_install
                0x00000000000146d8       0x18 zephyr/drivers/console/libdrivers__console.a(uart_console.c.obj)
 .text.uart_console_init
                0x00000000000146f0       0x1c zephyr/drivers/console/libdrivers__console.a(uart_console.c.obj)
 .text.get_dev  0x000000000001470c       0x1c zephyr/drivers/gpio/libdrivers__gpio.a(gpio_nrfx.c.obj)
 .text.gpio_nrfx_pin_interrupt_configure
                0x0000000000014728       0xc8 zephyr/drivers/gpio/libdrivers__gpio.a(gpio_nrfx.c.obj)
 .text.gpio_nrfx_pin_configure
                0x00000000000147f0      0x10c zephyr/drivers/gpio/libdrivers__gpio.a(gpio_nrfx.c.obj)
 .text.gpio_nrfx_init
                0x00000000000148fc       0x3c zephyr/drivers/gpio/libdrivers__gpio.a(gpio_nrfx.c.obj)
 .text.i2c_nrfx_twim_recover_bus
                0x0000000000014938       0x40 zephyr/drivers/i2c/libdrivers__i2c.a(i2c_nrfx_twim.c.obj)
 .text.i2c_nrfx_twim_transfer
                0x0000000000014978      0x1f4 zephyr/drivers/i2c/libdrivers__i2c.a(i2c_nrfx_twim.c.obj)
 .text.event_handler
                0x0000000000014b6c       0x40 zephyr/drivers/i2c/libdrivers__i2c.a(i2c_nrfx_twim.c.obj)
 .text.i2c_nrfx_twim_init
                0x0000000000014bac       0x44 zephyr/drivers/i2c/libdrivers__i2c.a(i2c_nrfx_twim.c.obj)
 .text.baudrate_set
                0x0000000000014bf0      0x150 zephyr/drivers/serial/libdrivers__serial.a(uart_nrfx_uarte.c.obj)
 .text.uarte_nrfx_poll_out
                0x0000000000014d40       0x5c zephyr/drivers/serial/libdrivers__serial.a(uart_nrfx_uarte.c.obj)
 .text.endtx_stoptx_ppi_init
                0x0000000000014d9c       0x40 zephyr/drivers/serial/libdrivers__serial.a(uart_nrfx_uarte.c.obj)
 .text.set_comparator
                0x0000000000014ddc       0x14 zephyr/drivers/timer/libdrivers__timer.a(nrf_rtc_timer.c.obj)
 .text.get_comparator
                0x0000000000014df0       0x10 zephyr/drivers/timer/libdrivers__timer.a(nrf_rtc_timer.c.obj)
 .text.event_enable
                0x0000000000014e00       0x14 zephyr/drivers/timer/libdrivers__timer.a(nrf_rtc_timer.c.obj)
 .text.event_disable
                0x0000000000014e14       0x14 zephyr/drivers/timer/libdrivers__timer.a(nrf_rtc_timer.c.obj)
 .text.counter  0x0000000000014e28        0xc zephyr/drivers/timer/libdrivers__timer.a(nrf_rtc_timer.c.obj)
 .text.compare_int_lock
                0x0000000000014e34       0x44 zephyr/drivers/timer/libdrivers__timer.a(nrf_rtc_timer.c.obj)
 .text.channel_processing_check_and_clear
                0x0000000000014e78       0x6c zephyr/drivers/timer/libdrivers__timer.a(nrf_rtc_timer.c.obj)
 .text.compare_int_unlock
                0x0000000000014ee4       0x50 zephyr/drivers/timer/libdrivers__timer.a(nrf_rtc_timer.c.obj)
 .text.sys_clock_timeout_handler
                0x0000000000014f34       0x78 zephyr/drivers/timer/libdrivers__timer.a(nrf_rtc_timer.c.obj)
 .text.z_nrf_rtc_timer_read
                0x0000000000014fac       0x40 zephyr/drivers/timer/libdrivers__timer.a(nrf_rtc_timer.c.obj)
                0x0000000000014fac                z_nrf_rtc_timer_read
 .text.compare_set_nolocks
                0x0000000000014fec       0x98 zephyr/drivers/timer/libdrivers__timer.a(nrf_rtc_timer.c.obj)
 .text.sys_clock_driver_init
                0x0000000000015084       0x94 zephyr/drivers/timer/libdrivers__timer.a(nrf_rtc_timer.c.obj)
 .text.process_channel
                0x0000000000015118       0x74 zephyr/drivers/timer/libdrivers__timer.a(nrf_rtc_timer.c.obj)
 .text.rtc_nrf_isr
                0x000000000001518c       0x44 zephyr/drivers/timer/libdrivers__timer.a(nrf_rtc_timer.c.obj)
                0x000000000001518c                rtc_nrf_isr
 .text.sys_clock_set_timeout
                0x00000000000151d0       0x64 zephyr/drivers/timer/libdrivers__timer.a(nrf_rtc_timer.c.obj)
                0x00000000000151d0                sys_clock_set_timeout
 .text.sys_clock_elapsed
                0x0000000000015234       0x14 zephyr/drivers/timer/libdrivers__timer.a(nrf_rtc_timer.c.obj)
                0x0000000000015234                sys_clock_elapsed
 .text.nrf_gpio_cfg
                0x0000000000015248       0x4c zephyr/drivers/pinctrl/libdrivers__pinctrl.a(pinctrl_nrf.c.obj)
 .text.nrf_gpio_pin_write
                0x0000000000015294       0x3c zephyr/drivers/pinctrl/libdrivers__pinctrl.a(pinctrl_nrf.c.obj)
 .text.pinctrl_configure_pins
                0x00000000000152d0      0x260 zephyr/drivers/pinctrl/libdrivers__pinctrl.a(pinctrl_nrf.c.obj)
                0x00000000000152d0                pinctrl_configure_pins
 .text.tfm_ns_interface_dispatch
                0x0000000000015530       0x5c modules/trusted-firmware-m/libtfm_api.a(interface.c.obj)
                0x0000000000015530                tfm_ns_interface_dispatch
 .text.psa_generate_random
                0x000000000001558c       0x44 modules/trusted-firmware-m/libtfm_api.a(tfm_crypto_ipc_api.c.obj)
                0x000000000001558c                psa_generate_random
 .text.psa_call
                0x00000000000155d0       0x50 modules/trusted-firmware-m/libtfm_api.a(tfm_psa_ns_api.c.obj)
                0x00000000000155d0                psa_call
 .text.SystemCoreClockUpdate
                0x0000000000015620       0x20 modules/hal_nordic/nrfx/libmodules__hal_nordic__nrfx.a(system_nrf5340_application.c.obj)
                0x0000000000015620                SystemCoreClockUpdate
 .text.nrfx_flag32_alloc
                0x0000000000015640       0x48 modules/hal_nordic/nrfx/libmodules__hal_nordic__nrfx.a(nrfx_flag32_allocator.c.obj)
                0x0000000000015640                nrfx_flag32_alloc
 .text.nrfx_flag32_free
                0x0000000000015688       0x3c modules/hal_nordic/nrfx/libmodules__hal_nordic__nrfx.a(nrfx_flag32_allocator.c.obj)
                0x0000000000015688                nrfx_flag32_free
 .text.clock_stop
                0x00000000000156c4       0xb4 modules/hal_nordic/nrfx/libmodules__hal_nordic__nrfx.a(nrfx_clock.c.obj)
 .text.nrfx_clock_init
                0x0000000000015778       0x24 modules/hal_nordic/nrfx/libmodules__hal_nordic__nrfx.a(nrfx_clock.c.obj)
                0x0000000000015778                nrfx_clock_init
 .text.nrfx_clock_enable
                0x000000000001579c       0x20 modules/hal_nordic/nrfx/libmodules__hal_nordic__nrfx.a(nrfx_clock.c.obj)
                0x000000000001579c                nrfx_clock_enable
 .text.nrfx_clock_start
                0x00000000000157bc       0xe0 modules/hal_nordic/nrfx/libmodules__hal_nordic__nrfx.a(nrfx_clock.c.obj)
                0x00000000000157bc                nrfx_clock_start
 .text.nrfx_power_clock_irq_handler
                0x000000000001589c       0xb8 modules/hal_nordic/nrfx/libmodules__hal_nordic__nrfx.a(nrfx_clock.c.obj)
                0x000000000001589c                nrfx_power_clock_irq_handler
 .text.nrfx_dppi_channel_alloc
                0x0000000000015954       0x10 modules/hal_nordic/nrfx/libmodules__hal_nordic__nrfx.a(nrfx_dppi.c.obj)
                0x0000000000015954                nrfx_dppi_channel_alloc
 .text.nrf_gpio_reconfigure
                0x0000000000015964       0xb8 modules/hal_nordic/nrfx/libmodules__hal_nordic__nrfx.a(nrfx_gpiote.c.obj)
 .text.nrf_gpio_cfg_default
                0x0000000000015a1c       0x2c modules/hal_nordic/nrfx/libmodules__hal_nordic__nrfx.a(nrfx_gpiote.c.obj)
 .text.nrf_gpio_latches_read_and_clear
                0x0000000000015a48       0x40 modules/hal_nordic/nrfx/libmodules__hal_nordic__nrfx.a(nrfx_gpiote.c.obj)
 .text.pin_in_use
                0x0000000000015a88       0x14 modules/hal_nordic/nrfx/libmodules__hal_nordic__nrfx.a(nrfx_gpiote.c.obj)
 .text.pin_in_use_by_te
                0x0000000000015a9c       0x14 modules/hal_nordic/nrfx/libmodules__hal_nordic__nrfx.a(nrfx_gpiote.c.obj)
 .text.pin_has_trigger
                0x0000000000015ab0       0x18 modules/hal_nordic/nrfx/libmodules__hal_nordic__nrfx.a(nrfx_gpiote.c.obj)
 .text.pin_is_output
                0x0000000000015ac8       0x14 modules/hal_nordic/nrfx/libmodules__hal_nordic__nrfx.a(nrfx_gpiote.c.obj)
 .text.pin_te_get
                0x0000000000015adc       0x10 modules/hal_nordic/nrfx/libmodules__hal_nordic__nrfx.a(nrfx_gpiote.c.obj)
 .text.handler_in_use
                0x0000000000015aec       0x34 modules/hal_nordic/nrfx/libmodules__hal_nordic__nrfx.a(nrfx_gpiote.c.obj)
 .text.find_handler
                0x0000000000015b20       0x2c modules/hal_nordic/nrfx/libmodules__hal_nordic__nrfx.a(nrfx_gpiote.c.obj)
 .text.get_initial_sense
                0x0000000000015b4c       0x4c modules/hal_nordic/nrfx/libmodules__hal_nordic__nrfx.a(nrfx_gpiote.c.obj)
 .text.channel_handler_get
                0x0000000000015b98       0x20 modules/hal_nordic/nrfx/libmodules__hal_nordic__nrfx.a(nrfx_gpiote.c.obj)
 .text.call_handler
                0x0000000000015bb8       0x2c modules/hal_nordic/nrfx/libmodules__hal_nordic__nrfx.a(nrfx_gpiote.c.obj)
 .text.next_sense_cond_call_handler
                0x0000000000015be4       0x84 modules/hal_nordic/nrfx/libmodules__hal_nordic__nrfx.a(nrfx_gpiote.c.obj)
 .text.release_handler
                0x0000000000015c68       0x44 modules/hal_nordic/nrfx/libmodules__hal_nordic__nrfx.a(nrfx_gpiote.c.obj)
 .text.pin_handler_trigger_uninit
                0x0000000000015cac       0x3c modules/hal_nordic/nrfx/libmodules__hal_nordic__nrfx.a(nrfx_gpiote.c.obj)
 .text.pin_handler_set
                0x0000000000015ce8       0x6c modules/hal_nordic/nrfx/libmodules__hal_nordic__nrfx.a(nrfx_gpiote.c.obj)
 .text.port_event_handle
                0x0000000000015d54       0xa8 modules/hal_nordic/nrfx/libmodules__hal_nordic__nrfx.a(nrfx_gpiote.c.obj)
 .text.gpiote_evt_handle
                0x0000000000015dfc       0x44 modules/hal_nordic/nrfx/libmodules__hal_nordic__nrfx.a(nrfx_gpiote.c.obj)
 .text.nrfx_gpiote_input_configure
                0x0000000000015e40      0x12c modules/hal_nordic/nrfx/libmodules__hal_nordic__nrfx.a(nrfx_gpiote.c.obj)
                0x0000000000015e40                nrfx_gpiote_input_configure
 .text.nrfx_gpiote_output_configure
                0x0000000000015f6c       0xd8 modules/hal_nordic/nrfx/libmodules__hal_nordic__nrfx.a(nrfx_gpiote.c.obj)
                0x0000000000015f6c                nrfx_gpiote_output_configure
 .text.nrfx_gpiote_global_callback_set
                0x0000000000016044        0xc modules/hal_nordic/nrfx/libmodules__hal_nordic__nrfx.a(nrfx_gpiote.c.obj)
                0x0000000000016044                nrfx_gpiote_global_callback_set
 .text.nrfx_gpiote_channel_get
                0x0000000000016050       0x30 modules/hal_nordic/nrfx/libmodules__hal_nordic__nrfx.a(nrfx_gpiote.c.obj)
                0x0000000000016050                nrfx_gpiote_channel_get
 .text.nrfx_gpiote_init
                0x0000000000016080       0x54 modules/hal_nordic/nrfx/libmodules__hal_nordic__nrfx.a(nrfx_gpiote.c.obj)
                0x0000000000016080                nrfx_gpiote_init
 .text.nrfx_gpiote_is_init
                0x00000000000160d4       0x14 modules/hal_nordic/nrfx/libmodules__hal_nordic__nrfx.a(nrfx_gpiote.c.obj)
                0x00000000000160d4                nrfx_gpiote_is_init
 .text.nrfx_gpiote_channel_free
                0x00000000000160e8       0x10 modules/hal_nordic/nrfx/libmodules__hal_nordic__nrfx.a(nrfx_gpiote.c.obj)
                0x00000000000160e8                nrfx_gpiote_channel_free
 .text.nrfx_gpiote_channel_alloc
                0x00000000000160f8       0x10 modules/hal_nordic/nrfx/libmodules__hal_nordic__nrfx.a(nrfx_gpiote.c.obj)
                0x00000000000160f8                nrfx_gpiote_channel_alloc
 .text.nrfx_gpiote_trigger_enable
                0x0000000000016108       0x64 modules/hal_nordic/nrfx/libmodules__hal_nordic__nrfx.a(nrfx_gpiote.c.obj)
                0x0000000000016108                nrfx_gpiote_trigger_enable
 .text.nrfx_gpiote_trigger_disable
                0x000000000001616c       0x44 modules/hal_nordic/nrfx/libmodules__hal_nordic__nrfx.a(nrfx_gpiote.c.obj)
                0x000000000001616c                nrfx_gpiote_trigger_disable
 .text.nrfx_gpiote_pin_uninit
                0x00000000000161b0       0x2c modules/hal_nordic/nrfx/libmodules__hal_nordic__nrfx.a(nrfx_gpiote.c.obj)
                0x00000000000161b0                nrfx_gpiote_pin_uninit
 .text.nrfx_gpiote_irq_handler
                0x00000000000161dc       0x60 modules/hal_nordic/nrfx/libmodules__hal_nordic__nrfx.a(nrfx_gpiote.c.obj)
                0x00000000000161dc                nrfx_gpiote_irq_handler
 .text.twi_process_error
                0x000000000001623c       0x34 modules/hal_nordic/nrfx/libmodules__hal_nordic__nrfx.a(nrfx_twim.c.obj)
 .text.twim_pins_configure
                0x0000000000016270       0xac modules/hal_nordic/nrfx/libmodules__hal_nordic__nrfx.a(nrfx_twim.c.obj)
 .text.twim_xfer
                0x000000000001631c      0x2b0 modules/hal_nordic/nrfx/libmodules__hal_nordic__nrfx.a(nrfx_twim.c.obj)
 .text.twim_irq_handler
                0x00000000000165cc      0x1d4 modules/hal_nordic/nrfx/libmodules__hal_nordic__nrfx.a(nrfx_twim.c.obj)
 .text.nrfx_twim_init
                0x00000000000167a0       0x94 modules/hal_nordic/nrfx/libmodules__hal_nordic__nrfx.a(nrfx_twim.c.obj)
                0x00000000000167a0                nrfx_twim_init
 .text.nrfx_twim_enable
                0x0000000000016834       0x20 modules/hal_nordic/nrfx/libmodules__hal_nordic__nrfx.a(nrfx_twim.c.obj)
                0x0000000000016834                nrfx_twim_enable
 .text.nrfx_twim_disable
                0x0000000000016854       0x3c modules/hal_nordic/nrfx/libmodules__hal_nordic__nrfx.a(nrfx_twim.c.obj)
                0x0000000000016854                nrfx_twim_disable
 .text.nrfx_twim_xfer
                0x0000000000016890       0x20 modules/hal_nordic/nrfx/libmodules__hal_nordic__nrfx.a(nrfx_twim.c.obj)
                0x0000000000016890                nrfx_twim_xfer
 .text.nrfx_twim_1_irq_handler
                0x00000000000168b0       0x14 modules/hal_nordic/nrfx/libmodules__hal_nordic__nrfx.a(nrfx_twim.c.obj)
                0x00000000000168b0                nrfx_twim_1_irq_handler
 .text.nrfx_twi_twim_bus_recover
                0x00000000000168c4       0xc4 modules/hal_nordic/nrfx/libmodules__hal_nordic__nrfx.a(nrfx_twi_twim.c.obj)
                0x00000000000168c4                nrfx_twi_twim_bus_recover
 .text.z_device_state_init
                0x0000000000016988       0x18 zephyr/kernel/libkernel.a(device.c.obj)
                0x0000000000016988                z_device_state_init
 .text.z_impl_z_errno
                0x00000000000169a0        0xc zephyr/kernel/libkernel.a(errno.c.obj)
                0x00000000000169a0                z_impl_z_errno
 .text.z_sys_init_run_level
                0x00000000000169ac       0x50 zephyr/kernel/libkernel.a(init.c.obj)
 .text.init_idle_thread
                0x00000000000169fc       0x58 zephyr/kernel/libkernel.a(init.c.obj)
 .text.bg_thread_main
                0x0000000000016a54       0x34 zephyr/kernel/libkernel.a(init.c.obj)
 .text.switch_to_main_thread
                0x0000000000016a88       0x14 zephyr/kernel/libkernel.a(init.c.obj)
 .text.z_bss_zero
                0x0000000000016a9c       0x18 zephyr/kernel/libkernel.a(init.c.obj)
                0x0000000000016a9c                z_bss_zero
 .text.z_init_cpu
                0x0000000000016ab4       0x40 zephyr/kernel/libkernel.a(init.c.obj)
                0x0000000000016ab4                z_init_cpu
 .text.prepare_multithreading
                0x0000000000016af4       0x60 zephyr/kernel/libkernel.a(init.c.obj)
 .text.z_cstart
                0x0000000000016b54       0x8c zephyr/kernel/libkernel.a(init.c.obj)
                0x0000000000016b54                z_cstart
 .text.schedule_new_thread
                0x0000000000016be0       0x1c zephyr/kernel/libkernel.a(thread.c.obj)
 .text.z_setup_new_thread
                0x0000000000016bfc       0x60 zephyr/kernel/libkernel.a(thread.c.obj)
                0x0000000000016bfc                z_setup_new_thread
 .text.z_init_static_threads
                0x0000000000016c5c       0x94 zephyr/kernel/libkernel.a(thread.c.obj)
                0x0000000000016c5c                z_init_static_threads
 .text.idle     0x0000000000016cf0       0x3c zephyr/kernel/libkernel.a(idle.c.obj)
                0x0000000000016cf0                idle
 .text.z_impl_k_mutex_lock
                0x0000000000016d2c      0x108 zephyr/kernel/libkernel.a(mutex.c.obj)
                0x0000000000016d2c                z_impl_k_mutex_lock
 .text.z_impl_k_mutex_unlock
                0x0000000000016e34       0x7c zephyr/kernel/libkernel.a(mutex.c.obj)
                0x0000000000016e34                z_impl_k_mutex_unlock
 .text.z_impl_k_sem_give
                0x0000000000016eb0       0x44 zephyr/kernel/libkernel.a(sem.c.obj)
                0x0000000000016eb0                z_impl_k_sem_give
 .text.z_impl_k_sem_take
                0x0000000000016ef4       0x50 zephyr/kernel/libkernel.a(sem.c.obj)
                0x0000000000016ef4                z_impl_k_sem_take
 .text.sliceable
                0x0000000000016f44       0x3c zephyr/kernel/libkernel.a(sched.c.obj)
 .text.add_thread_timeout
                0x0000000000016f80       0x20 zephyr/kernel/libkernel.a(sched.c.obj)
 .text.z_reset_time_slice
                0x0000000000016fa0       0x28 zephyr/kernel/libkernel.a(sched.c.obj)
                0x0000000000016fa0                z_reset_time_slice
 .text.k_sched_time_slice_set
                0x0000000000016fc8       0x74 zephyr/kernel/libkernel.a(sched.c.obj)
                0x0000000000016fc8                k_sched_time_slice_set
 .text.z_reschedule
                0x000000000001703c       0x2c zephyr/kernel/libkernel.a(sched.c.obj)
                0x000000000001703c                z_reschedule
 .text.k_sched_lock
                0x0000000000017068       0x34 zephyr/kernel/libkernel.a(sched.c.obj)
                0x0000000000017068                k_sched_lock
 .text.update_cache
                0x000000000001709c       0x50 zephyr/kernel/libkernel.a(sched.c.obj)
 .text.move_thread_to_end_of_prio_q
                0x00000000000170ec       0x8c zephyr/kernel/libkernel.a(sched.c.obj)
 .text.slice_expired_locked
                0x0000000000017178       0x28 zephyr/kernel/libkernel.a(sched.c.obj)
 .text.z_time_slice
                0x00000000000171a0       0x78 zephyr/kernel/libkernel.a(sched.c.obj)
                0x00000000000171a0                z_time_slice
 .text.ready_thread
                0x0000000000017218       0x78 zephyr/kernel/libkernel.a(sched.c.obj)
 .text.z_sched_start
                0x0000000000017290       0x3c zephyr/kernel/libkernel.a(sched.c.obj)
                0x0000000000017290                z_sched_start
 .text.unready_thread
                0x00000000000172cc       0x38 zephyr/kernel/libkernel.a(sched.c.obj)
 .text.z_pend_curr
                0x0000000000017304       0x38 zephyr/kernel/libkernel.a(sched.c.obj)
                0x0000000000017304                z_pend_curr
 .text.z_set_prio
                0x000000000001733c       0xbc zephyr/kernel/libkernel.a(sched.c.obj)
                0x000000000001733c                z_set_prio
 .text.z_impl_k_thread_suspend
                0x00000000000173f8       0x74 zephyr/kernel/libkernel.a(sched.c.obj)
                0x00000000000173f8                z_impl_k_thread_suspend
 .text.k_sched_unlock
                0x000000000001746c       0x40 zephyr/kernel/libkernel.a(sched.c.obj)
                0x000000000001746c                k_sched_unlock
 .text.end_thread
                0x00000000000174ac       0x60 zephyr/kernel/libkernel.a(sched.c.obj)
 .text.z_sched_init
                0x000000000001750c       0x18 zephyr/kernel/libkernel.a(sched.c.obj)
                0x000000000001750c                z_sched_init
 .text.z_impl_k_yield
                0x0000000000017524       0x8c zephyr/kernel/libkernel.a(sched.c.obj)
                0x0000000000017524                z_impl_k_yield
 .text.z_tick_sleep
                0x00000000000175b0       0x98 zephyr/kernel/libkernel.a(sched.c.obj)
 .text.z_impl_k_sleep
                0x0000000000017648       0x54 zephyr/kernel/libkernel.a(sched.c.obj)
                0x0000000000017648                z_impl_k_sleep
 .text.z_impl_k_usleep
                0x000000000001769c       0x6c zephyr/kernel/libkernel.a(sched.c.obj)
                0x000000000001769c                z_impl_k_usleep
 .text.z_impl_z_current_get
                0x0000000000017708        0xc zephyr/kernel/libkernel.a(sched.c.obj)
                0x0000000000017708                z_impl_z_current_get
 .text.z_thread_abort
                0x0000000000017714       0x70 zephyr/kernel/libkernel.a(sched.c.obj)
                0x0000000000017714                z_thread_abort
 .text.z_data_copy
                0x0000000000017784       0x34 zephyr/kernel/libkernel.a(xip.c.obj)
                0x0000000000017784                z_data_copy
 .text.first    0x00000000000177b8       0x14 zephyr/kernel/libkernel.a(timeout.c.obj)
 .text.next     0x00000000000177cc       0x18 zephyr/kernel/libkernel.a(timeout.c.obj)
 .text.elapsed  0x00000000000177e4       0x18 zephyr/kernel/libkernel.a(timeout.c.obj)
 .text.next_timeout
                0x00000000000177fc       0x4c zephyr/kernel/libkernel.a(timeout.c.obj)
 .text.z_add_timeout
                0x0000000000017848      0x114 zephyr/kernel/libkernel.a(timeout.c.obj)
                0x0000000000017848                z_add_timeout
 .text.sys_clock_announce
                0x000000000001795c       0xc4 zephyr/kernel/libkernel.a(timeout.c.obj)
                0x000000000001795c                sys_clock_announce
 .text.sys_clock_tick_get
                0x0000000000017a20       0x40 zephyr/kernel/libkernel.a(timeout.c.obj)
                0x0000000000017a20                sys_clock_tick_get
 .text.boot_banner
                0x0000000000017a60       0x10 zephyr/kernel/libkernel.a(banner.c.obj)
                0x0000000000017a60                boot_banner
 .text.sqrt     0x0000000000017a70       0x58 C:/ncs/toolchains/0b393f9e1b/opt/zephyr-sdk/arm-zephyr-eabi/arm-zephyr-eabi/lib/thumb/v8-m.main/nofp\libm_nano.a(lib_a-w_sqrt.o)
                0x0000000000017a70                sqrt
 .text.__ieee754_sqrt
                0x0000000000017ac8      0x170 C:/ncs/toolchains/0b393f9e1b/opt/zephyr-sdk/arm-zephyr-eabi/arm-zephyr-eabi/lib/thumb/v8-m.main/nofp\libm_nano.a(lib_a-e_sqrt.o)
                0x0000000000017ac8                __ieee754_sqrt
 .text.malloc   0x0000000000017c38       0x10 C:/ncs/toolchains/0b393f9e1b/opt/zephyr-sdk/arm-zephyr-eabi/arm-zephyr-eabi/lib/thumb/v8-m.main/nofp\libc_nano.a(lib_a-malloc.o)
                0x0000000000017c38                malloc
 .text._free_r  0x0000000000017c48       0x94 C:/ncs/toolchains/0b393f9e1b/opt/zephyr-sdk/arm-zephyr-eabi/arm-zephyr-eabi/lib/thumb/v8-m.main/nofp\libc_nano.a(lib_a-nano-freer.o)
                0x0000000000017c48                _free_r
 .text._malloc_r
                0x0000000000017cdc       0xb4 C:/ncs/toolchains/0b393f9e1b/opt/zephyr-sdk/arm-zephyr-eabi/arm-zephyr-eabi/lib/thumb/v8-m.main/nofp\libc_nano.a(lib_a-nano-mallocr.o)
                0x0000000000017cdc                _malloc_r
 .text._printf_float
                0x0000000000017d90      0x46c C:/ncs/toolchains/0b393f9e1b/opt/zephyr-sdk/arm-zephyr-eabi/arm-zephyr-eabi/lib/thumb/v8-m.main/nofp\libc_nano.a(lib_a-nano-vfprintf_float.o)
                0x0000000000017d90                _printf_float
 .text._printf_i
                0x00000000000181fc      0x25c C:/ncs/toolchains/0b393f9e1b/opt/zephyr-sdk/arm-zephyr-eabi/arm-zephyr-eabi/lib/thumb/v8-m.main/nofp\libc_nano.a(lib_a-nano-vfprintf_i.o)
                0x00000000000181fc                _printf_i
 .text.printf   0x0000000000018458       0x30 C:/ncs/toolchains/0b393f9e1b/opt/zephyr-sdk/arm-zephyr-eabi/arm-zephyr-eabi/lib/thumb/v8-m.main/nofp\libc_nano.a(lib_a-printf.o)
                0x0000000000018458                iprintf
                0x0000000000018458                printf
 .text._sbrk_r  0x0000000000018488       0x20 C:/ncs/toolchains/0b393f9e1b/opt/zephyr-sdk/arm-zephyr-eabi/arm-zephyr-eabi/lib/thumb/v8-m.main/nofp\libc_nano.a(lib_a-sbrkr.o)
                0x0000000000018488                _sbrk_r
 .text.std      0x00000000000184a8       0x48 C:/ncs/toolchains/0b393f9e1b/opt/zephyr-sdk/arm-zephyr-eabi/arm-zephyr-eabi/lib/thumb/v8-m.main/nofp\libc_nano.a(lib_a-findfp.o)
 .text._cleanup_r
                0x00000000000184f0        0xc C:/ncs/toolchains/0b393f9e1b/opt/zephyr-sdk/arm-zephyr-eabi/arm-zephyr-eabi/lib/thumb/v8-m.main/nofp\libc_nano.a(lib_a-findfp.o)
                0x00000000000184f0                _cleanup_r
 .text.__sfp_lock_acquire
                0x00000000000184fc        0xc C:/ncs/toolchains/0b393f9e1b/opt/zephyr-sdk/arm-zephyr-eabi/arm-zephyr-eabi/lib/thumb/v8-m.main/nofp\libc_nano.a(lib_a-findfp.o)
                0x00000000000184fc                __sfp_lock_acquire
 .text.__sfp_lock_release
                0x0000000000018508        0xc C:/ncs/toolchains/0b393f9e1b/opt/zephyr-sdk/arm-zephyr-eabi/arm-zephyr-eabi/lib/thumb/v8-m.main/nofp\libc_nano.a(lib_a-findfp.o)
                0x0000000000018508                __sfp_lock_release
 .text.__sinit_lock_acquire
                0x0000000000018514        0xc C:/ncs/toolchains/0b393f9e1b/opt/zephyr-sdk/arm-zephyr-eabi/arm-zephyr-eabi/lib/thumb/v8-m.main/nofp\libc_nano.a(lib_a-findfp.o)
                0x0000000000018514                __sinit_lock_acquire
 .text.__sinit_lock_release
                0x0000000000018520        0xc C:/ncs/toolchains/0b393f9e1b/opt/zephyr-sdk/arm-zephyr-eabi/arm-zephyr-eabi/lib/thumb/v8-m.main/nofp\libc_nano.a(lib_a-findfp.o)
                0x0000000000018520                __sinit_lock_release
 .text.__sinit  0x000000000001852c       0x70 C:/ncs/toolchains/0b393f9e1b/opt/zephyr-sdk/arm-zephyr-eabi/arm-zephyr-eabi/lib/thumb/v8-m.main/nofp\libc_nano.a(lib_a-findfp.o)
                0x000000000001852c                __sinit
 .text.__sfp    0x000000000001859c       0x8c C:/ncs/toolchains/0b393f9e1b/opt/zephyr-sdk/arm-zephyr-eabi/arm-zephyr-eabi/lib/thumb/v8-m.main/nofp\libc_nano.a(lib_a-findfp.o)
                0x000000000001859c                __sfp
 .text._localeconv_r
                0x0000000000018628        0x8 C:/ncs/toolchains/0b393f9e1b/opt/zephyr-sdk/arm-zephyr-eabi/arm-zephyr-eabi/lib/thumb/v8-m.main/nofp\libc_nano.a(lib_a-localeconv.o)
                0x0000000000018628                _localeconv_r
 .text.__malloc_lock
                0x0000000000018630        0xc C:/ncs/toolchains/0b393f9e1b/opt/zephyr-sdk/arm-zephyr-eabi/arm-zephyr-eabi/lib/thumb/v8-m.main/nofp\libc_nano.a(lib_a-mlock.o)
                0x0000000000018630                __malloc_lock
 .text.__malloc_unlock
                0x000000000001863c        0xc C:/ncs/toolchains/0b393f9e1b/opt/zephyr-sdk/arm-zephyr-eabi/arm-zephyr-eabi/lib/thumb/v8-m.main/nofp\libc_nano.a(lib_a-mlock.o)
                0x000000000001863c                __malloc_unlock
 .text._Balloc  0x0000000000018648       0x80 C:/ncs/toolchains/0b393f9e1b/opt/zephyr-sdk/arm-zephyr-eabi/arm-zephyr-eabi/lib/thumb/v8-m.main/nofp\libc_nano.a(lib_a-mprec.o)
                0x0000000000018648                _Balloc
 .text._Bfree   0x00000000000186c8       0x44 C:/ncs/toolchains/0b393f9e1b/opt/zephyr-sdk/arm-zephyr-eabi/arm-zephyr-eabi/lib/thumb/v8-m.main/nofp\libc_nano.a(lib_a-mprec.o)
                0x00000000000186c8                _Bfree
 .text.__multadd
                0x000000000001870c       0x90 C:/ncs/toolchains/0b393f9e1b/opt/zephyr-sdk/arm-zephyr-eabi/arm-zephyr-eabi/lib/thumb/v8-m.main/nofp\libc_nano.a(lib_a-mprec.o)
                0x000000000001870c                __multadd
 .text.__i2b    0x000000000001879c       0x2c C:/ncs/toolchains/0b393f9e1b/opt/zephyr-sdk/arm-zephyr-eabi/arm-zephyr-eabi/lib/thumb/v8-m.main/nofp\libc_nano.a(lib_a-mprec.o)
                0x000000000001879c                __i2b
 .text.__multiply
                0x00000000000187c8      0x154 C:/ncs/toolchains/0b393f9e1b/opt/zephyr-sdk/arm-zephyr-eabi/arm-zephyr-eabi/lib/thumb/v8-m.main/nofp\libc_nano.a(lib_a-mprec.o)
                0x00000000000187c8                __multiply
 .text.__pow5mult
                0x000000000001891c       0xb4 C:/ncs/toolchains/0b393f9e1b/opt/zephyr-sdk/arm-zephyr-eabi/arm-zephyr-eabi/lib/thumb/v8-m.main/nofp\libc_nano.a(lib_a-mprec.o)
                0x000000000001891c                __pow5mult
 .text.__lshift
                0x00000000000189d0       0xd8 C:/ncs/toolchains/0b393f9e1b/opt/zephyr-sdk/arm-zephyr-eabi/arm-zephyr-eabi/lib/thumb/v8-m.main/nofp\libc_nano.a(lib_a-mprec.o)
                0x00000000000189d0                __lshift
 .text.__mdiff  0x0000000000018aa8      0x12c C:/ncs/toolchains/0b393f9e1b/opt/zephyr-sdk/arm-zephyr-eabi/arm-zephyr-eabi/lib/thumb/v8-m.main/nofp\libc_nano.a(lib_a-mprec.o)
                0x0000000000018aa8                __mdiff
 .text.__d2b    0x0000000000018bd4       0xb0 C:/ncs/toolchains/0b393f9e1b/opt/zephyr-sdk/arm-zephyr-eabi/arm-zephyr-eabi/lib/thumb/v8-m.main/nofp\libc_nano.a(lib_a-mprec.o)
                0x0000000000018bd4                __d2b
 .text._vfprintf_r
                0x0000000000018c84      0x258 C:/ncs/toolchains/0b393f9e1b/opt/zephyr-sdk/arm-zephyr-eabi/arm-zephyr-eabi/lib/thumb/v8-m.main/nofp\libc_nano.a(lib_a-nano-vfprintf.o)
                0x0000000000018c84                _vfprintf_r
                0x0000000000018c84                _vfiprintf_r
 .text.__swbuf_r
                0x0000000000018edc       0xa4 C:/ncs/toolchains/0b393f9e1b/opt/zephyr-sdk/arm-zephyr-eabi/arm-zephyr-eabi/lib/thumb/v8-m.main/nofp\libc_nano.a(lib_a-wbuf.o)
                0x0000000000018edc                __swbuf_r
 .text._write_r
                0x0000000000018f80       0x24 C:/ncs/toolchains/0b393f9e1b/opt/zephyr-sdk/arm-zephyr-eabi/arm-zephyr-eabi/lib/thumb/v8-m.main/nofp\libc_nano.a(lib_a-writer.o)
                0x0000000000018f80                _write_r
 .text.__swsetup_r
                0x0000000000018fa4       0xd8 C:/ncs/toolchains/0b393f9e1b/opt/zephyr-sdk/arm-zephyr-eabi/arm-zephyr-eabi/lib/thumb/v8-m.main/nofp\libc_nano.a(lib_a-wsetup.o)
                0x0000000000018fa4                __swsetup_r
 .text.__assert_func
                0x000000000001907c       0x3c C:/ncs/toolchains/0b393f9e1b/opt/zephyr-sdk/arm-zephyr-eabi/arm-zephyr-eabi/lib/thumb/v8-m.main/nofp\libc_nano.a(lib_a-assert.o)
                0x000000000001907c                __assert_func
 .text._close_r
                0x00000000000190b8       0x20 C:/ncs/toolchains/0b393f9e1b/opt/zephyr-sdk/arm-zephyr-eabi/arm-zephyr-eabi/lib/thumb/v8-m.main/nofp\libc_nano.a(lib_a-closer.o)
                0x00000000000190b8                _close_r
 .text._fflush_r
                0x00000000000190d8       0x78 C:/ncs/toolchains/0b393f9e1b/opt/zephyr-sdk/arm-zephyr-eabi/arm-zephyr-eabi/lib/thumb/v8-m.main/nofp\libc_nano.a(lib_a-fflush.o)
                0x00000000000190d8                _fflush_r
 .text.fprintf  0x0000000000019150       0x24 C:/ncs/toolchains/0b393f9e1b/opt/zephyr-sdk/arm-zephyr-eabi/arm-zephyr-eabi/lib/thumb/v8-m.main/nofp\libc_nano.a(lib_a-fprintf.o)
                0x0000000000019150                fiprintf
                0x0000000000019150                fprintf
 .text._lseek_r
                0x0000000000019174       0x24 C:/ncs/toolchains/0b393f9e1b/opt/zephyr-sdk/arm-zephyr-eabi/arm-zephyr-eabi/lib/thumb/v8-m.main/nofp\libc_nano.a(lib_a-lseekr.o)
                0x0000000000019174                _lseek_r
 .text.__smakebuf_r
                0x0000000000019198       0x80 C:/ncs/toolchains/0b393f9e1b/opt/zephyr-sdk/arm-zephyr-eabi/arm-zephyr-eabi/lib/thumb/v8-m.main/nofp\libc_nano.a(lib_a-makebuf.o)
                0x0000000000019198                __smakebuf_r
 .text._read_r  0x0000000000019218       0x24 C:/ncs/toolchains/0b393f9e1b/opt/zephyr-sdk/arm-zephyr-eabi/arm-zephyr-eabi/lib/thumb/v8-m.main/nofp\libc_nano.a(lib_a-readr.o)
                0x0000000000019218                _read_r
 .text._fstat_r
                0x000000000001923c       0x24 C:/ncs/toolchains/0b393f9e1b/opt/zephyr-sdk/arm-zephyr-eabi/arm-zephyr-eabi/lib/thumb/v8-m.main/nofp\libc_nano.a(lib_a-fstatr.o)
                0x000000000001923c                _fstat_r
 .text._isatty_r
                0x0000000000019260       0x20 C:/ncs/toolchains/0b393f9e1b/opt/zephyr-sdk/arm-zephyr-eabi/arm-zephyr-eabi/lib/thumb/v8-m.main/nofp\libc_nano.a(lib_a-isattyr.o)
                0x0000000000019260                _isatty_r
 .text.raise    0x0000000000019280       0x10 C:/ncs/toolchains/0b393f9e1b/opt/zephyr-sdk/arm-zephyr-eabi/arm-zephyr-eabi/lib/thumb/v8-m.main/nofp\libc_nano.a(lib_a-signal.o)
                0x0000000000019280                raise
 .text._kill_r  0x0000000000019290       0x24 C:/ncs/toolchains/0b393f9e1b/opt/zephyr-sdk/arm-zephyr-eabi/arm-zephyr-eabi/lib/thumb/v8-m.main/nofp\libc_nano.a(lib_a-signalr.o)
                0x0000000000019290                _kill_r
 .text._OffsetAbsSyms
                0x00000000000192b4        0x2 zephyr/CMakeFiles/offsets.dir/./arch/arm/core/offsets/offsets.c.obj
                0x00000000000192b4                _OffsetAbsSyms
 .text.z_impl_gpio_pin_interrupt_configure
                0x00000000000192b6       0x28 app/libapp.a(gpio_abstract.c.obj)
 .text.z_impl_gpio_pin_configure
                0x00000000000192de       0x50 app/libapp.a(gpio_abstract.c.obj)
 .text.gpio_add_callback
                0x000000000001932e       0x14 app/libapp.a(gpio_abstract.c.obj)
 .text.k_uptime_get_32
                0x0000000000019342       0x34 app/libapp.a(gpio_abstract.c.obj)
 .text.gpio_enable_interrupt
                0x0000000000019376        0xa app/libapp.a(gpio_abstract.c.obj)
                0x0000000000019376                gpio_enable_interrupt
 .text.gpio_enable
                0x0000000000019380        0xa app/libapp.a(gpio_abstract.c.obj)
                0x0000000000019380                gpio_enable
 .text.get_gpio_pin_interrupt_config
                0x000000000001938a       0x42 app/libapp.a(gpio_abstract.c.obj)
                0x000000000001938a                get_gpio_pin_interrupt_config
 .text.reset_gpio_interrupt
                0x00000000000193cc       0x18 app/libapp.a(gpio_abstract.c.obj)
                0x00000000000193cc                reset_gpio_interrupt
 .text.get_gpio_interrupt_status
                0x00000000000193e4       0x16 app/libapp.a(gpio_abstract.c.obj)
                0x00000000000193e4                get_gpio_interrupt_status
 .text.k_uptime_get_32
                0x00000000000193fa       0x34 app/libapp.a(i2c_comm.c.obj)
 .text.k_uptime_get_32
                0x000000000001942e       0x34 app/libapp.a(peripheral.c.obj)
 .text.k_uptime_get_32
                0x0000000000019462       0x34 app/libapp.a(mlx90632.c.obj)
 .text.i2c_melexis_getCtrlReg
                0x0000000000019496       0x28 app/libapp.a(mlx90632.c.obj)
                0x0000000000019496                i2c_melexis_getCtrlReg
 .text.i2c_melexis_e2busy
                0x00000000000194be        0xa app/libapp.a(mlx90632.c.obj)
                0x00000000000194be                i2c_melexis_e2busy
 .text.i2c_melexis_setmode
                0x00000000000194c8       0x2a app/libapp.a(mlx90632.c.obj)
                0x00000000000194c8                i2c_melexis_setmode
 .text.i2c_melexis_set_soc
                0x00000000000194f2       0x36 app/libapp.a(mlx90632.c.obj)
                0x00000000000194f2                i2c_melexis_set_soc
 .text.mlx90632_get_refresh_rate
                0x0000000000019528       0x28 app/libapp.a(mlx90632.c.obj)
                0x0000000000019528                mlx90632_get_refresh_rate
 .text.usleep   0x0000000000019550       0x10 app/libapp.a(mlx90632.c.obj)
                0x0000000000019550                usleep
 .text.mlx90632_addressed_reset
                0x0000000000019560       0x54 app/libapp.a(mlx90632.c.obj)
                0x0000000000019560                mlx90632_addressed_reset
 .text.msleep   0x00000000000195b4       0x2c app/libapp.a(mlx90632.c.obj)
                0x00000000000195b4                msleep
 .text.arch_printk_char_out
                0x00000000000195e0        0x4 zephyr/libzephyr.a(printk.c.obj)
                0x00000000000195e0                arch_printk_char_out
 .text.printk   0x00000000000195e4       0x1c zephyr/libzephyr.a(printk.c.obj)
                0x00000000000195e4                printk
 .text.z_thread_entry
                0x0000000000019600       0x14 zephyr/libzephyr.a(thread_entry.c.obj)
                0x0000000000019600                z_thread_entry
 .text.set_state
                0x0000000000019614       0x10 zephyr/libzephyr.a(onoff.c.obj)
 .text.notify_monitors
                0x0000000000019624       0x44 zephyr/libzephyr.a(onoff.c.obj)
 .text.process_recheck
                0x0000000000019668       0x32 zephyr/libzephyr.a(onoff.c.obj)
 .text.process_complete
                0x000000000001969a       0xa2 zephyr/libzephyr.a(onoff.c.obj)
 .text.validate_args
                0x000000000001973c       0x2a zephyr/libzephyr.a(onoff.c.obj)
 .text.notify_one
                0x0000000000019766       0x26 zephyr/libzephyr.a(onoff.c.obj)
 .text.notify_all
                0x000000000001978c       0x2e zephyr/libzephyr.a(onoff.c.obj)
 .text.transition_complete
                0x00000000000197ba       0x1c zephyr/libzephyr.a(onoff.c.obj)
 .text.onoff_manager_init
                0x00000000000197d6       0x3a zephyr/libzephyr.a(onoff.c.obj)
                0x00000000000197d6                onoff_manager_init
 .text.onoff_request
                0x0000000000019810       0xc2 zephyr/libzephyr.a(onoff.c.obj)
                0x0000000000019810                onoff_request
 .text.sys_notify_validate
                0x00000000000198d2       0x2e zephyr/libzephyr.a(notify.c.obj)
                0x00000000000198d2                sys_notify_validate
 .text.sys_notify_finalize
                0x0000000000019900       0x1a zephyr/libzephyr.a(notify.c.obj)
                0x0000000000019900                sys_notify_finalize
 .text.extract_width
                0x000000000001991a       0x5e zephyr/libzephyr.a(cbprintf_complete.c.obj)
 .text.extract_prec
                0x0000000000019978       0x64 zephyr/libzephyr.a(cbprintf_complete.c.obj)
 .text.extract_length
                0x00000000000199dc       0xce zephyr/libzephyr.a(cbprintf_complete.c.obj)
 .text.extract_specifier
                0x0000000000019aaa      0x122 zephyr/libzephyr.a(cbprintf_complete.c.obj)
 .text.extract_conversion
                0x0000000000019bcc       0x44 zephyr/libzephyr.a(cbprintf_complete.c.obj)
 .text.conversion_radix
                0x0000000000019c10       0x2a zephyr/libzephyr.a(cbprintf_complete.c.obj)
 .text.store_count
                0x0000000000019c3a       0x3e zephyr/libzephyr.a(cbprintf_complete.c.obj)
 .text.outs     0x0000000000019c78       0x34 zephyr/libzephyr.a(cbprintf_complete.c.obj)
 .text._ConfigAbsSyms
                0x0000000000019cac        0x2 zephyr/libzephyr.a(configs.c.obj)
                0x0000000000019cac                _ConfigAbsSyms
 .text.nordicsemi_nrf53_init
                0x0000000000019cae       0x34 zephyr/libzephyr.a(soc.c.obj)
 .text.arch_busy_wait
                0x0000000000019ce2        0x8 zephyr/libzephyr.a(soc.c.obj)
                0x0000000000019ce2                arch_busy_wait
 .text.nrf_regulators_system_off
                0x0000000000019cea        0xe zephyr/libzephyr.a(power.c.obj)
 .text.pm_state_set
                0x0000000000019cf8       0x10 zephyr/libzephyr.a(power.c.obj)
                0x0000000000019cf8                pm_state_set
 .text.pm_state_exit_post_ops
                0x0000000000019d08        0xc zephyr/libzephyr.a(power.c.obj)
                0x0000000000019d08                pm_state_exit_post_ops
 .text.atomic_test_and_clear_bit
                0x0000000000019d14       0x30 zephyr/libzephyr.a(pm.c.obj)
 .text.atomic_set_bit
                0x0000000000019d44       0x1e zephyr/libzephyr.a(pm.c.obj)
 .text.pm_policy_state_lock_is_active
                0x0000000000019d62        0x4 zephyr/libzephyr.a(policy.c.obj)
                0x0000000000019d62                pm_policy_state_lock_is_active
 .text.z_arm_fatal_error
                0x0000000000019d66        0x8 zephyr/arch/arch/arm/core/aarch32/libarch__arm__core__aarch32.a(fatal.c.obj)
                0x0000000000019d66                z_arm_fatal_error
 .text.z_do_kernel_oops
                0x0000000000019d6e        0xc zephyr/arch/arch/arm/core/aarch32/libarch__arm__core__aarch32.a(fatal.c.obj)
                0x0000000000019d6e                z_do_kernel_oops
 .text.arch_irq_enable
                0x0000000000019d7a        0xa zephyr/arch/arch/arm/core/aarch32/libarch__arm__core__aarch32.a(irq_manage.c.obj)
                0x0000000000019d7a                arch_irq_enable
 .text.z_arm_irq_priority_set
                0x0000000000019d84        0xc zephyr/arch/arch/arm/core/aarch32/libarch__arm__core__aarch32.a(irq_manage.c.obj)
                0x0000000000019d84                z_arm_irq_priority_set
 .text.z_irq_spurious
                0x0000000000019d90        0xc zephyr/arch/arch/arm/core/aarch32/libarch__arm__core__aarch32.a(irq_manage.c.obj)
                0x0000000000019d90                z_irq_spurious
 .text.z_arm_nmi
                0x0000000000019d9c        0xc zephyr/arch/arch/arm/core/aarch32/libarch__arm__core__aarch32.a(nmi.c.obj)
                0x0000000000019d9c                z_arm_nmi
 .text.configure_builtin_stack_guard
                0x0000000000019da8        0x8 zephyr/arch/arch/arm/core/aarch32/libarch__arm__core__aarch32.a(thread.c.obj)
                0x0000000000019da8                configure_builtin_stack_guard
 .text.memory_fault_recoverable
                0x0000000000019db0        0x4 zephyr/arch/arch/arm/core/aarch32/cortex_m/libarch__arm__core__aarch32__cortex_m.a(fault.c.obj)
 .text.debug_monitor
                0x0000000000019db4        0x6 zephyr/arch/arch/arm/core/aarch32/cortex_m/libarch__arm__core__aarch32__cortex_m.a(fault.c.obj)
 .text.fault_handle
                0x0000000000019dba       0x46 zephyr/arch/arch/arm/core/aarch32/cortex_m/libarch__arm__core__aarch32__cortex_m.a(fault.c.obj)
 .text.get_esf  0x0000000000019e00       0x52 zephyr/arch/arch/arm/core/aarch32/cortex_m/libarch__arm__core__aarch32__cortex_m.a(fault.c.obj)
 .text.z_arm_save_fp_context
                0x0000000000019e52        0x2 zephyr/arch/arch/arm/core/aarch32/cortex_m/libarch__arm__core__aarch32__cortex_m.a(fpu.c.obj)
                0x0000000000019e52                z_arm_save_fp_context
 .text.z_arm_restore_fp_context
                0x0000000000019e54        0x2 zephyr/arch/arch/arm/core/aarch32/cortex_m/libarch__arm__core__aarch32__cortex_m.a(fpu.c.obj)
                0x0000000000019e54                z_arm_restore_fp_context
 .text.sys_arch_reboot
                0x0000000000019e56        0x6 zephyr/arch/arch/arm/core/aarch32/cortex_m/libarch__arm__core__aarch32__cortex_m.a(scb.c.obj)
                0x0000000000019e56                sys_arch_reboot
 .text.arm_cmse_mpu_region_get
                0x0000000000019e5c       0x14 zephyr/arch/arch/arm/core/aarch32/cortex_m/cmse/libarch__arm__core__aarch32__cortex_m__cmse.a(arm_core_cmse.c.obj)
                0x0000000000019e5c                arm_cmse_mpu_region_get
 .text.region_init
                0x0000000000019e70       0x28 zephyr/arch/arch/arm/core/aarch32/mpu/libarch__arm__core__aarch32__mpu.a(arm_mpu.c.obj)
 .text.mpu_partition_is_valid
                0x0000000000019e98       0x24 zephyr/arch/arch/arm/core/aarch32/mpu/libarch__arm__core__aarch32__mpu.a(arm_mpu.c.obj)
 .text.region_allocate_and_init
                0x0000000000019ebc       0x16 zephyr/arch/arch/arm/core/aarch32/mpu/libarch__arm__core__aarch32__mpu.a(arm_mpu.c.obj)
 .text.mpu_configure_region
                0x0000000000019ed2       0x3e zephyr/arch/arch/arm/core/aarch32/mpu/libarch__arm__core__aarch32__mpu.a(arm_mpu.c.obj)
 .text.get_region_index
                0x0000000000019f10       0x22 zephyr/arch/arch/arm/core/aarch32/mpu/libarch__arm__core__aarch32__mpu.a(arm_mpu.c.obj)
 .text.arm_core_mpu_configure_static_mpu_regions
                0x0000000000019f32        0x8 zephyr/arch/arch/arm/core/aarch32/mpu/libarch__arm__core__aarch32__mpu.a(arm_mpu.c.obj)
                0x0000000000019f32                arm_core_mpu_configure_static_mpu_regions
 .text.arm_core_mpu_mark_areas_for_dynamic_regions
                0x0000000000019f3a        0x8 zephyr/arch/arch/arm/core/aarch32/mpu/libarch__arm__core__aarch32__mpu.a(arm_mpu.c.obj)
                0x0000000000019f3a                arm_core_mpu_mark_areas_for_dynamic_regions
 .text.malloc_prepare
                0x0000000000019f42        0x4 zephyr/lib/libc/newlib/liblib__libc__newlib.a(libc-hooks.c.obj)
 .text._stdout_hook_default
                0x0000000000019f46        0x6 zephyr/lib/libc/newlib/liblib__libc__newlib.a(libc-hooks.c.obj)
 .text._stdin_hook_default
                0x0000000000019f4c        0x4 zephyr/lib/libc/newlib/liblib__libc__newlib.a(libc-hooks.c.obj)
 .text._read    0x0000000000019f50        0xc zephyr/lib/libc/newlib/liblib__libc__newlib.a(libc-hooks.c.obj)
                0x0000000000019f50                _read
                0x0000000000019f50                read
 .text._write   0x0000000000019f5c        0xc zephyr/lib/libc/newlib/liblib__libc__newlib.a(libc-hooks.c.obj)
                0x0000000000019f5c                _write
                0x0000000000019f5c                write
 .text._close   0x0000000000019f68        0x6 zephyr/lib/libc/newlib/liblib__libc__newlib.a(libc-hooks.c.obj)
                0x0000000000019f68                _close
                0x0000000000019f68                close
 .text._lseek   0x0000000000019f6e        0x4 zephyr/lib/libc/newlib/liblib__libc__newlib.a(libc-hooks.c.obj)
                0x0000000000019f6e                _lseek
                0x0000000000019f6e                lseek
 .text._isatty  0x0000000000019f72        0xa zephyr/lib/libc/newlib/liblib__libc__newlib.a(libc-hooks.c.obj)
                0x0000000000019f72                _isatty
                0x0000000000019f72                isatty
 .text._kill    0x0000000000019f7c        0x4 zephyr/lib/libc/newlib/liblib__libc__newlib.a(libc-hooks.c.obj)
                0x0000000000019f7c                _kill
                0x0000000000019f7c                kill
 .text._getpid  0x0000000000019f80        0x4 zephyr/lib/libc/newlib/liblib__libc__newlib.a(libc-hooks.c.obj)
                0x0000000000019f80                getpid
                0x0000000000019f80                _getpid
 .text._fstat   0x0000000000019f84        0xa zephyr/lib/libc/newlib/liblib__libc__newlib.a(libc-hooks.c.obj)
                0x0000000000019f84                fstat
                0x0000000000019f84                _fstat
 .text.__retarget_lock_init_recursive
                0x0000000000019f8e       0x12 zephyr/lib/libc/newlib/liblib__libc__newlib.a(libc-hooks.c.obj)
                0x0000000000019f8e                __retarget_lock_init_recursive
 .text.__retarget_lock_acquire_recursive
                0x0000000000019fa0       0x10 zephyr/lib/libc/newlib/liblib__libc__newlib.a(libc-hooks.c.obj)
                0x0000000000019fa0                __retarget_lock_acquire_recursive
 .text.__retarget_lock_release_recursive
                0x0000000000019fb0        0x8 zephyr/lib/libc/newlib/liblib__libc__newlib.a(libc-hooks.c.obj)
                0x0000000000019fb0                __retarget_lock_release_recursive
 .text.__errno  0x0000000000019fb8        0x8 zephyr/lib/libc/newlib/liblib__libc__newlib.a(libc-hooks.c.obj)
                0x0000000000019fb8                __errno
 .text.nrf_clock_is_running
                0x0000000000019fc0       0x74 zephyr/drivers/clock_control/libdrivers__clock_control.a(clock_control_nrf.c.obj)
 .text.get_sub_data
                0x000000000001a034        0xe zephyr/drivers/clock_control/libdrivers__clock_control.a(clock_control_nrf.c.obj)
 .text.get_sub_config
                0x000000000001a042        0x8 zephyr/drivers/clock_control/libdrivers__clock_control.a(clock_control_nrf.c.obj)
 .text.get_onoff_manager
                0x000000000001a04a        0xc zephyr/drivers/clock_control/libdrivers__clock_control.a(clock_control_nrf.c.obj)
 .text.get_status
                0x000000000001a056       0x10 zephyr/drivers/clock_control/libdrivers__clock_control.a(clock_control_nrf.c.obj)
 .text.set_off_state
                0x000000000001a066       0x32 zephyr/drivers/clock_control/libdrivers__clock_control.a(clock_control_nrf.c.obj)
 .text.set_starting_state
                0x000000000001a098       0x3c zephyr/drivers/clock_control/libdrivers__clock_control.a(clock_control_nrf.c.obj)
 .text.set_on_state
                0x000000000001a0d4       0x26 zephyr/drivers/clock_control/libdrivers__clock_control.a(clock_control_nrf.c.obj)
 .text.clkstarted_handle
                0x000000000001a0fa       0x24 zephyr/drivers/clock_control/libdrivers__clock_control.a(clock_control_nrf.c.obj)
 .text.stop     0x000000000001a11e       0x2a zephyr/drivers/clock_control/libdrivers__clock_control.a(clock_control_nrf.c.obj)
 .text.api_stop
                0x000000000001a148        0xa zephyr/drivers/clock_control/libdrivers__clock_control.a(clock_control_nrf.c.obj)
 .text.async_start
                0x000000000001a152       0x38 zephyr/drivers/clock_control/libdrivers__clock_control.a(clock_control_nrf.c.obj)
 .text.api_start
                0x000000000001a18a       0x10 zephyr/drivers/clock_control/libdrivers__clock_control.a(clock_control_nrf.c.obj)
 .text.onoff_started_callback
                0x000000000001a19a       0x10 zephyr/drivers/clock_control/libdrivers__clock_control.a(clock_control_nrf.c.obj)
 .text.hfclk_start
                0x000000000001a1aa        0xa zephyr/drivers/clock_control/libdrivers__clock_control.a(clock_control_nrf.c.obj)
 .text.hfclkaudio_start
                0x000000000001a1b4        0xa zephyr/drivers/clock_control/libdrivers__clock_control.a(clock_control_nrf.c.obj)
 .text.hfclk192m_start
                0x000000000001a1be        0xa zephyr/drivers/clock_control/libdrivers__clock_control.a(clock_control_nrf.c.obj)
 .text.lfclk_start
                0x000000000001a1c8        0xa zephyr/drivers/clock_control/libdrivers__clock_control.a(clock_control_nrf.c.obj)
 .text.hfclk_stop
                0x000000000001a1d2        0xa zephyr/drivers/clock_control/libdrivers__clock_control.a(clock_control_nrf.c.obj)
 .text.hfclkaudio_stop
                0x000000000001a1dc        0xa zephyr/drivers/clock_control/libdrivers__clock_control.a(clock_control_nrf.c.obj)
 .text.hfclk192m_stop
                0x000000000001a1e6        0xa zephyr/drivers/clock_control/libdrivers__clock_control.a(clock_control_nrf.c.obj)
 .text.lfclk_stop
                0x000000000001a1f0        0xa zephyr/drivers/clock_control/libdrivers__clock_control.a(clock_control_nrf.c.obj)
 .text.k_msleep
                0x000000000001a1fa       0x2c zephyr/drivers/clock_control/libdrivers__clock_control.a(clock_control_nrf.c.obj)
 .text.blocking_start_callback
                0x000000000001a226        0xa zephyr/drivers/clock_control/libdrivers__clock_control.a(clock_control_nrf.c.obj)
 .text.sys_slist_remove
                0x000000000001a230       0x26 zephyr/drivers/gpio/libdrivers__gpio.a(gpio_nrfx.c.obj)
 .text.sys_slist_find_and_remove
                0x000000000001a256       0x20 zephyr/drivers/gpio/libdrivers__gpio.a(gpio_nrfx.c.obj)
 .text.gpio_manage_callback
                0x000000000001a276       0x3e zephyr/drivers/gpio/libdrivers__gpio.a(gpio_nrfx.c.obj)
 .text.gpio_fire_callbacks
                0x000000000001a2b4       0x40 zephyr/drivers/gpio/libdrivers__gpio.a(gpio_nrfx.c.obj)
 .text.get_drive
                0x000000000001a2f4       0x86 zephyr/drivers/gpio/libdrivers__gpio.a(gpio_nrfx.c.obj)
 .text.get_pull
                0x000000000001a37a       0x18 zephyr/drivers/gpio/libdrivers__gpio.a(gpio_nrfx.c.obj)
 .text.gpio_nrfx_port_get_raw
                0x000000000001a392        0xc zephyr/drivers/gpio/libdrivers__gpio.a(gpio_nrfx.c.obj)
 .text.gpio_nrfx_port_set_masked_raw
                0x000000000001a39e       0x14 zephyr/drivers/gpio/libdrivers__gpio.a(gpio_nrfx.c.obj)
 .text.gpio_nrfx_port_set_bits_raw
                0x000000000001a3b2        0xa zephyr/drivers/gpio/libdrivers__gpio.a(gpio_nrfx.c.obj)
 .text.gpio_nrfx_port_clear_bits_raw
                0x000000000001a3bc        0xa zephyr/drivers/gpio/libdrivers__gpio.a(gpio_nrfx.c.obj)
 .text.gpio_nrfx_port_toggle_bits
                0x000000000001a3c6       0x14 zephyr/drivers/gpio/libdrivers__gpio.a(gpio_nrfx.c.obj)
 .text.get_trigger
                0x000000000001a3da       0x2c zephyr/drivers/gpio/libdrivers__gpio.a(gpio_nrfx.c.obj)
 .text.gpio_nrfx_manage_callback
                0x000000000001a406        0xc zephyr/drivers/gpio/libdrivers__gpio.a(gpio_nrfx.c.obj)
 .text.nrfx_gpio_handler
                0x000000000001a412       0x1e zephyr/drivers/gpio/libdrivers__gpio.a(gpio_nrfx.c.obj)
 .text.i2c_nrfx_twim_configure
                0x000000000001a430       0x4e zephyr/drivers/i2c/libdrivers__i2c.a(i2c_nrfx_twim.c.obj)
 .text.pinctrl_apply_state
                0x000000000001a47e       0x20 zephyr/drivers/i2c/libdrivers__i2c.a(i2c_nrfx_twim.c.obj)
 .text.irq_connect1
                0x000000000001a49e        0xe zephyr/drivers/i2c/libdrivers__i2c.a(i2c_nrfx_twim.c.obj)
 .text.endtx_isr
                0x000000000001a4ac       0x32 zephyr/drivers/serial/libdrivers__serial.a(uart_nrfx_uarte.c.obj)
 .text.uarte_nrfx_isr_int
                0x000000000001a4de       0x52 zephyr/drivers/serial/libdrivers__serial.a(uart_nrfx_uarte.c.obj)
 .text.uarte_nrfx_configure
                0x000000000001a530       0xc4 zephyr/drivers/serial/libdrivers__serial.a(uart_nrfx_uarte.c.obj)
 .text.uarte_nrfx_config_get
                0x000000000001a5f4       0x12 zephyr/drivers/serial/libdrivers__serial.a(uart_nrfx_uarte.c.obj)
 .text.uarte_nrfx_err_check
                0x000000000001a606        0xe zephyr/drivers/serial/libdrivers__serial.a(uart_nrfx_uarte.c.obj)
 .text.is_tx_ready
                0x000000000001a614       0x28 zephyr/drivers/serial/libdrivers__serial.a(uart_nrfx_uarte.c.obj)
 .text.uarte_enable
                0x000000000001a63c        0xc zephyr/drivers/serial/libdrivers__serial.a(uart_nrfx_uarte.c.obj)
 .text.tx_start
                0x000000000001a648       0x3e zephyr/drivers/serial/libdrivers__serial.a(uart_nrfx_uarte.c.obj)
 .text.uarte_nrfx_poll_in
                0x000000000001a686       0x2c zephyr/drivers/serial/libdrivers__serial.a(uart_nrfx_uarte.c.obj)
 .text.k_msleep
                0x000000000001a6b2       0x2c zephyr/drivers/serial/libdrivers__serial.a(uart_nrfx_uarte.c.obj)
 .text.wait_tx_ready
                0x000000000001a6de       0x4c zephyr/drivers/serial/libdrivers__serial.a(uart_nrfx_uarte.c.obj)
 .text.pinctrl_apply_state
                0x000000000001a72a       0x20 zephyr/drivers/serial/libdrivers__serial.a(uart_nrfx_uarte.c.obj)
 .text.uarte_instance_init
                0x000000000001a74a       0xa4 zephyr/drivers/serial/libdrivers__serial.a(uart_nrfx_uarte.c.obj)
 .text.uarte_0_init
                0x000000000001a7ee       0x1e zephyr/drivers/serial/libdrivers__serial.a(uart_nrfx_uarte.c.obj)
 .text.entropy_cc3xx_rng_get_entropy
                0x000000000001a80c       0x12 zephyr/drivers/entropy/libdrivers__entropy.a(entropy_cc3xx.c.obj)
 .text.entropy_cc3xx_rng_init
                0x000000000001a81e       0x10 zephyr/drivers/entropy/libdrivers__entropy.a(entropy_cc3xx.c.obj)
 .text.sys_clock_idle_exit
                0x000000000001a82e        0x2 zephyr/drivers/timer/libdrivers__timer.a(sys_clock_init.c.obj)
                0x000000000001a82e                sys_clock_idle_exit
 .text.counter_sub
                0x000000000001a830        0x8 zephyr/drivers/timer/libdrivers__timer.a(nrf_rtc_timer.c.obj)
 .text.event_clear
                0x000000000001a838       0x18 zephyr/drivers/timer/libdrivers__timer.a(nrf_rtc_timer.c.obj)
 .text.absolute_time_to_cc
                0x000000000001a850        0x6 zephyr/drivers/timer/libdrivers__timer.a(nrf_rtc_timer.c.obj)
 .text.full_int_lock
                0x000000000001a856       0x12 zephyr/drivers/timer/libdrivers__timer.a(nrf_rtc_timer.c.obj)
 .text.full_int_unlock
                0x000000000001a868        0xa zephyr/drivers/timer/libdrivers__timer.a(nrf_rtc_timer.c.obj)
 .text.set_absolute_alarm
                0x000000000001a872       0x76 zephyr/drivers/timer/libdrivers__timer.a(nrf_rtc_timer.c.obj)
 .text.compare_set
                0x000000000001a8e8       0x32 zephyr/drivers/timer/libdrivers__timer.a(nrf_rtc_timer.c.obj)
 .text.pinctrl_lookup_state
                0x000000000001a91a       0x34 zephyr/drivers/pinctrl/libdrivers__pinctrl.a(common.c.obj)
                0x000000000001a91a                pinctrl_lookup_state
 .text.k_sys_fatal_error_handler
                0x000000000001a94e        0x8 modules/nrf/lib/fatal_error/lib..__nrf__lib__fatal_error.a(fatal_error.c.obj)
                0x000000000001a94e                k_sys_fatal_error_handler
 .text.ns_interface_init
                0x000000000001a956        0x4 modules/trusted-firmware-m/libtfm_api.a(interface.c.obj)
 .text.psa_crypto_init
                0x000000000001a95a        0x4 modules/trusted-firmware-m/libtfm_api.a(tfm_crypto_ipc_api.c.obj)
                0x000000000001a95a                psa_crypto_init
 .text.SystemInit
                0x000000000001a95e        0x8 modules/hal_nordic/nrfx/libmodules__hal_nordic__nrfx.a(system_nrf5340_application.c.obj)
                0x000000000001a95e                SystemInit
 .text.nrfx_isr
                0x000000000001a966        0x6 modules/hal_nordic/nrfx/libmodules__hal_nordic__nrfx.a(nrfx_glue.c.obj)
                0x000000000001a966                nrfx_isr
 .text.nrfx_busy_wait
                0x000000000001a96c        0x8 modules/hal_nordic/nrfx/libmodules__hal_nordic__nrfx.a(nrfx_glue.c.obj)
                0x000000000001a96c                nrfx_busy_wait
 .text.nrf_clock_is_running
                0x000000000001a974       0x74 modules/hal_nordic/nrfx/libmodules__hal_nordic__nrfx.a(nrfx_clock.c.obj)
 .text.clock_initial_lfclksrc_get
                0x000000000001a9e8        0x4 modules/hal_nordic/nrfx/libmodules__hal_nordic__nrfx.a(nrfx_clock.c.obj)
 .text.nrfx_power_clock_irq_init
                0x000000000001a9ec       0x14 modules/hal_nordic/nrfx/libmodules__hal_nordic__nrfx.a(nrfx_clock.c.obj)
 .text.clock_lfclksrc_tweak
                0x000000000001aa00       0x2a modules/hal_nordic/nrfx/libmodules__hal_nordic__nrfx.a(nrfx_clock.c.obj)
 .text.nrfx_clock_stop
                0x000000000001aa2a        0x8 modules/hal_nordic/nrfx/libmodules__hal_nordic__nrfx.a(nrfx_clock.c.obj)
                0x000000000001aa2a                nrfx_clock_stop
 .text.nrf_gpiote_event_configure
                0x000000000001aa32       0x32 modules/hal_nordic/nrfx/libmodules__hal_nordic__nrfx.a(nrfx_gpiote.c.obj)
 .text.nrf_gpiote_task_configure
                0x000000000001aa64       0x3e modules/hal_nordic/nrfx/libmodules__hal_nordic__nrfx.a(nrfx_gpiote.c.obj)
 .text.nrf_gpio_cfg_sense_set
                0x000000000001aaa2       0x20 modules/hal_nordic/nrfx/libmodules__hal_nordic__nrfx.a(nrfx_gpiote.c.obj)
 .text.pin_is_task_output
                0x000000000001aac2       0x1e modules/hal_nordic/nrfx/libmodules__hal_nordic__nrfx.a(nrfx_gpiote.c.obj)
 .text.pin_is_input
                0x000000000001aae0        0xe modules/hal_nordic/nrfx/libmodules__hal_nordic__nrfx.a(nrfx_gpiote.c.obj)
 .text.gpiote_polarity_to_trigger
                0x000000000001aaee        0x2 modules/hal_nordic/nrfx/libmodules__hal_nordic__nrfx.a(nrfx_gpiote.c.obj)
 .text.gpiote_trigger_to_polarity
                0x000000000001aaf0        0x2 modules/hal_nordic/nrfx/libmodules__hal_nordic__nrfx.a(nrfx_gpiote.c.obj)
 .text.is_level
                0x000000000001aaf2        0xa modules/hal_nordic/nrfx/libmodules__hal_nordic__nrfx.a(nrfx_gpiote.c.obj)
 .text.latch_pending_read_and_check
                0x000000000001aafc       0x26 modules/hal_nordic/nrfx/libmodules__hal_nordic__nrfx.a(nrfx_gpiote.c.obj)
 .text.xfer_completeness_check
                0x000000000001ab22       0x82 modules/hal_nordic/nrfx/libmodules__hal_nordic__nrfx.a(nrfx_twim.c.obj)
 .text.twim_list_enable_handle
                0x000000000001aba4       0x2a modules/hal_nordic/nrfx/libmodules__hal_nordic__nrfx.a(nrfx_twim.c.obj)
 .text.z_device_is_ready
                0x000000000001abce       0x20 zephyr/kernel/libkernel.a(device.c.obj)
                0x000000000001abce                z_device_is_ready
 .text.z_fatal_error
                0x000000000001abee       0x34 zephyr/kernel/libkernel.a(fatal.c.obj)
                0x000000000001abee                z_fatal_error
 .text.z_early_memset
                0x000000000001ac22        0x8 zephyr/kernel/libkernel.a(init.c.obj)
                0x000000000001ac22                z_early_memset
 .text.z_early_memcpy
                0x000000000001ac2a        0x8 zephyr/kernel/libkernel.a(init.c.obj)
                0x000000000001ac2a                z_early_memcpy
 .text.setup_thread_stack
                0x000000000001ac32       0x12 zephyr/kernel/libkernel.a(thread.c.obj)
 .text.k_is_in_isr
                0x000000000001ac44        0xc zephyr/kernel/libkernel.a(thread.c.obj)
                0x000000000001ac44                k_is_in_isr
 .text.z_impl_k_thread_start
                0x000000000001ac50        0x8 zephyr/kernel/libkernel.a(thread.c.obj)
                0x000000000001ac50                z_impl_k_thread_start
 .text.z_init_thread_base
                0x000000000001ac58       0x16 zephyr/kernel/libkernel.a(thread.c.obj)
                0x000000000001ac58                z_init_thread_base
 .text.z_pm_save_idle_exit
                0x000000000001ac6e        0xc zephyr/kernel/libkernel.a(idle.c.obj)
                0x000000000001ac6e                z_pm_save_idle_exit
 .text.new_prio_for_inheritance
                0x000000000001ac7a       0x16 zephyr/kernel/libkernel.a(mutex.c.obj)
 .text.adjust_owner_prio
                0x000000000001ac90       0x16 zephyr/kernel/libkernel.a(mutex.c.obj)
 .text.z_impl_k_mutex_init
                0x000000000001aca6        0xe zephyr/kernel/libkernel.a(mutex.c.obj)
                0x000000000001aca6                z_impl_k_mutex_init
 .text.thread_active_elsewhere
                0x000000000001acb4        0x4 zephyr/kernel/libkernel.a(sched.c.obj)
 .text.pended_on_thread
                0x000000000001acb8        0x4 zephyr/kernel/libkernel.a(sched.c.obj)
 .text.z_sched_prio_cmp
                0x000000000001acbc       0x14 zephyr/kernel/libkernel.a(sched.c.obj)
                0x000000000001acbc                z_sched_prio_cmp
 .text.z_reschedule_irqlock
                0x000000000001acd0       0x1c zephyr/kernel/libkernel.a(sched.c.obj)
                0x000000000001acd0                z_reschedule_irqlock
 .text.z_reschedule_unlocked
                0x000000000001acec       0x18 zephyr/kernel/libkernel.a(sched.c.obj)
 .text.z_priq_dumb_remove
                0x000000000001ad04       0x10 zephyr/kernel/libkernel.a(sched.c.obj)
                0x000000000001ad04                z_priq_dumb_remove
 .text.unpend_thread_no_timeout
                0x000000000001ad14       0x1c zephyr/kernel/libkernel.a(sched.c.obj)
 .text.z_priq_dumb_best
                0x000000000001ad30        0xe zephyr/kernel/libkernel.a(sched.c.obj)
                0x000000000001ad30                z_priq_dumb_best
 .text.z_ready_thread
                0x000000000001ad3e       0x38 zephyr/kernel/libkernel.a(sched.c.obj)
                0x000000000001ad3e                z_ready_thread
 .text.z_thread_timeout
                0x000000000001ad76       0x5e zephyr/kernel/libkernel.a(sched.c.obj)
                0x000000000001ad76                z_thread_timeout
 .text.unpend_all
                0x000000000001add4       0x28 zephyr/kernel/libkernel.a(sched.c.obj)
 .text.add_to_waitq_locked
                0x000000000001adfc       0x56 zephyr/kernel/libkernel.a(sched.c.obj)
 .text.pend_locked
                0x000000000001ae52       0x18 zephyr/kernel/libkernel.a(sched.c.obj)
 .text.z_unpend_first_thread
                0x000000000001ae6a       0x44 zephyr/kernel/libkernel.a(sched.c.obj)
                0x000000000001ae6a                z_unpend_first_thread
 .text.init_ready_q
                0x000000000001aeae        0x8 zephyr/kernel/libkernel.a(sched.c.obj)
                0x000000000001aeae                init_ready_q
 .text.remove_timeout
                0x000000000001aeb6       0x2e zephyr/kernel/libkernel.a(timeout.c.obj)
 .text.z_abort_timeout
                0x000000000001aee4       0x3c zephyr/kernel/libkernel.a(timeout.c.obj)
                0x000000000001aee4                z_abort_timeout
 .text.z_get_next_timeout_expiry
                0x000000000001af20       0x2e zephyr/kernel/libkernel.a(timeout.c.obj)
                0x000000000001af20                z_get_next_timeout_expiry
 .text.z_set_timeout_expiry
                0x000000000001af4e       0x56 zephyr/kernel/libkernel.a(timeout.c.obj)
                0x000000000001af4e                z_set_timeout_expiry
 .text.sys_clock_tick_get_32
                0x000000000001afa4        0x8 zephyr/kernel/libkernel.a(timeout.c.obj)
                0x000000000001afa4                sys_clock_tick_get_32
 .text.z_impl_k_uptime_ticks
                0x000000000001afac        0x8 zephyr/kernel/libkernel.a(timeout.c.obj)
                0x000000000001afac                z_impl_k_uptime_ticks
 .text.z_impl_k_busy_wait
                0x000000000001afb4        0xc zephyr/kernel/libkernel.a(timeout.c.obj)
                0x000000000001afb4                z_impl_k_busy_wait
 .text.memcpy   0x000000000001afc0       0x1a C:/ncs/toolchains/0b393f9e1b/opt/zephyr-sdk/arm-zephyr-eabi/arm-zephyr-eabi/lib/thumb/v8-m.main/nofp\libc_nano.a(lib_a-memcpy-stub.o)
                0x000000000001afc0                memcpy
 .text.memset   0x000000000001afda       0x10 C:/ncs/toolchains/0b393f9e1b/opt/zephyr-sdk/arm-zephyr-eabi/arm-zephyr-eabi/lib/thumb/v8-m.main/nofp\libc_nano.a(lib_a-memset.o)
                0x000000000001afda                memset
 .text._calloc_r
                0x000000000001afea       0x1c C:/ncs/toolchains/0b393f9e1b/opt/zephyr-sdk/arm-zephyr-eabi/arm-zephyr-eabi/lib/thumb/v8-m.main/nofp\libc_nano.a(lib_a-nano-callocr.o)
                0x000000000001afea                _calloc_r
 .text.__cvt    0x000000000001b006       0xce C:/ncs/toolchains/0b393f9e1b/opt/zephyr-sdk/arm-zephyr-eabi/arm-zephyr-eabi/lib/thumb/v8-m.main/nofp\libc_nano.a(lib_a-nano-vfprintf_float.o)
                0x000000000001b006                __cvt
 .text.__exponent
                0x000000000001b0d4       0x72 C:/ncs/toolchains/0b393f9e1b/opt/zephyr-sdk/arm-zephyr-eabi/arm-zephyr-eabi/lib/thumb/v8-m.main/nofp\libc_nano.a(lib_a-nano-vfprintf_float.o)
                0x000000000001b0d4                __exponent
 .text._printf_common